command: npm run e2e
status: 0
elapsed_ms: 31431

--- stdout ---

> sequencer@1.0.0 e2e
> npx playwright test


Running 61 tests using 1 worker

  ✓   1 [chromium] › e2e/sequencer.spec.ts:91:3 › App Initialization › renders all track sections (376ms)
  ✓   2 [chromium] › e2e/sequencer.spec.ts:98:3 › App Initialization › renders song pane with 12 phrase slots (161ms)
  ✓   3 [chromium] › e2e/sequencer.spec.ts:104:3 › App Initialization › renders transport bar with all controls (180ms)
  ✓   4 [chromium] › e2e/sequencer.spec.ts:117:3 › App Initialization › renders extension icons (158ms)
  ✓   5 [chromium] › e2e/sequencer.spec.ts:123:3 › App Initialization › renders engine icon with divider (154ms)
  ✓   6 [chromium] › e2e/sequencer.spec.ts:129:3 › App Initialization › song name shows Untitled by default (158ms)
  ✓   7 [chromium] › e2e/sequencer.spec.ts:135:3 › App Initialization › BPM defaults to 120 (157ms)
  ✓   8 [chromium] › e2e/sequencer.spec.ts:147:3 › Drum Grid › clicking a drum cell toggles it on (186ms)
  ✓   9 [chromium] › e2e/sequencer.spec.ts:155:3 › Drum Grid › clicking an active drum cell toggles it off (210ms)
  ✓  10 [chromium] › e2e/sequencer.spec.ts:164:3 › Drum Grid › default kick pattern has four-on-the-floor (165ms)
  ✓  11 [chromium] › e2e/sequencer.spec.ts:179:3 › Melody Grid › clicking a melody cell toggles it on (186ms)
  ✓  12 [chromium] › e2e/sequencer.spec.ts:188:3 › Melody Grid › clicking an active melody cell toggles it off (219ms)
  ✓  13 [chromium] › e2e/sequencer.spec.ts:205:3 › Vocal Grid › clicking a vocal cell toggles it on (184ms)
  ✓  14 [chromium] › e2e/sequencer.spec.ts:218:3 › Track Controls › mute button toggles muted state (213ms)
  ✓  15 [chromium] › e2e/sequencer.spec.ts:228:3 › Track Controls › CLR button clears all cells in track (170ms)
  ✓  16 [chromium] › e2e/sequencer.spec.ts:240:3 › Track Controls › FILL replicates pattern across all bars (247ms)
  ✓  17 [chromium] › e2e/sequencer.spec.ts:259:3 › Track Controls › LOAD button opens sample browser (233ms)
  ✓  18 [chromium] › e2e/sequencer.spec.ts:266:3 › Track Controls › preview failure surfaces error state on the preview button (392ms)
  ✓  19 [chromium] › e2e/sequencer.spec.ts:292:3 › Melody Track Controls › octave buttons change octave value (261ms)
  ✓  20 [chromium] › e2e/sequencer.spec.ts:308:3 › Melody Track Controls › harmony toggle cycles through modes (237ms)
  ✓  21 [chromium] › e2e/sequencer.spec.ts:335:3 › BPM Control › BPM number input updates value (162ms)
  ✓  22 [chromium] › e2e/sequencer.spec.ts:343:3 › BPM Control › BPM clamps to range 40-220 (166ms)
  ✓  23 [chromium] › e2e/sequencer.spec.ts:357:3 › Song Management › song name is visible (156ms)
  ✓  24 [chromium] › e2e/sequencer.spec.ts:362:3 › Song Management › double-click song name enables editing (211ms)
  ✓  25 [chromium] › e2e/sequencer.spec.ts:368:3 › Song Management › new song resets patterns and extensions deterministically (3.5s)
  ✓  26 [chromium] › e2e/sequencer.spec.ts:410:3 › Sample Browser › opens and closes (248ms)
  ✓  27 [chromium] › e2e/sequencer.spec.ts:421:3 › Sample Browser › search filters items (430ms)
  ✓  28 [chromium] › e2e/sequencer.spec.ts:442:3 › Phrase Pane › clicking phrase slot switches active phrase (206ms)
  ✓  29 [chromium] › e2e/sequencer.spec.ts:452:3 › Phrase Pane › phrase 1 has content indicator if default pattern exists (152ms)
  ✓  30 [chromium] › e2e/sequencer.spec.ts:459:3 › Phrase Pane › fill-with-prev button copies previous phrase (226ms)
  ✓  31 [chromium] › e2e/sequencer.spec.ts:478:3 › Extension Panels › clicking extension icon opens side panel (217ms)
  ✓  32 [chromium] › e2e/sequencer.spec.ts:486:3 › Extension Panels › clicking same icon closes panel (1.1s)
  ✓  33 [chromium] › e2e/sequencer.spec.ts:495:3 › Extension Panels › extension panel has on/off toggle (216ms)
  ✓  34 [chromium] › e2e/sequencer.spec.ts:501:3 › Extension Panels › toggling extension on/off changes state (1.1s)
  ✓  35 [chromium] › e2e/sequencer.spec.ts:512:3 › Extension Panels › compressor model selector switches between FET/OPTO/VCA (1.2s)
  ✓  36 [chromium] › e2e/sequencer.spec.ts:547:3 › Extension Panels › transformer extension opens and has controls (1.1s)
  ✓  37 [chromium] › e2e/sequencer.spec.ts:556:3 › Extension Panels › close button closes panel (1.1s)
  ✓  38 [chromium] › e2e/sequencer.spec.ts:564:3 › Extension Panels › app shifts when panel opens (220ms)
  ✓  39 [chromium] › e2e/sequencer.spec.ts:576:3 › Engine Control Panel › clicking engine icon opens full-screen panel (578ms)
  ✓  40 [chromium] › e2e/sequencer.spec.ts:582:3 › Engine Control Panel › closing engine panel restores app view (1.2s)
  ✓  41 [chromium] › e2e/sequencer.spec.ts:595:3 › Engine Control Panel › Escape closes engine panel (591ms)
  ✓  42 [chromium] › e2e/sequencer.spec.ts:603:3 › Engine Control Panel › engine panel has all control sections (219ms)
  ✓  43 [chromium] › e2e/sequencer.spec.ts:617:3 › Keyboard Shortcuts › Space toggles play/stop (174ms)
  ✓  44 [chromium] › e2e/sequencer.spec.ts:628:3 › Keyboard Shortcuts › Escape closes browser modal (257ms)
  ✓  45 [chromium] › e2e/sequencer.spec.ts:642:3 › Transport Sync › remains in sync after repeated edit + stop/start cycles (5.5s)
  ✓  46 [chromium] › e2e/sequencer.spec.ts:696:3 › Persistence › pattern survives page reload (1.1s)
  ✓  47 [chromium] › e2e/sequencer.spec.ts:724:3 › Grid Alignment › bar dividers are visible (154ms)
  ✓  48 [chromium] › e2e/sequencer.spec.ts:730:3 › Grid Alignment › drum and melody grids are vertically aligned (160ms)
  ✓  49 [chromium] › e2e/sequencer.spec.ts:745:3 › MIDI Controls › MIDI button visible on all 3 melody tracks (159ms)
  ✓  50 [chromium] › e2e/sequencer.spec.ts:751:3 › MIDI Controls › MIDI button not on drum tracks (158ms)
  ✓  51 [chromium] › e2e/sequencer.spec.ts:757:3 › MIDI Controls › clicking MIDI button opens midi browser (275ms)
  ✓  52 [chromium] › e2e/sequencer.spec.ts:764:3 › MIDI Controls › Escape closes midi browser (216ms)
  ✓  53 [chromium] › e2e/sequencer.spec.ts:773:3 › MIDI Controls › close button closes midi browser (242ms)
  ✓  54 [chromium] › e2e/sequencer.spec.ts:782:3 › MIDI Controls › midi browser shows status element (173ms)
  ✓  55 [chromium] › e2e/sequencer.spec.ts:795:3 › ADSR Controls › ADSR button visible on all 9 tracks (143ms)
  ✓  56 [chromium] › e2e/sequencer.spec.ts:801:3 › ADSR Controls › clicking ADSR button opens popup (210ms)
  ✓  57 [chromium] › e2e/sequencer.spec.ts:808:3 › ADSR Controls › ADSR popup has canvas visualization (212ms)
  ✓  58 [chromium] › e2e/sequencer.spec.ts:815:3 › ADSR Controls › ADSR popup has 4 sliders (208ms)
  ✓  59 [chromium] › e2e/sequencer.spec.ts:823:3 › ADSR Controls › Escape closes ADSR popup (219ms)
  ✓  60 [chromium] › e2e/sequencer.spec.ts:832:3 › ADSR Controls › close button closes ADSR popup (254ms)
  ✓  61 [chromium] › e2e/sequencer.spec.ts:841:3 › ADSR Controls › ADSR envelope actually modulates audio when enabled (150ms)

  61 passed (30.5s)


--- stderr ---
