command: npm run e2e
status: 0
elapsed_ms: 146663

--- stdout ---

> sequencer@1.0.0 e2e
> npx playwright test


Running 84 tests using 1 worker

  ✓   1 [chromium] › e2e/output-clock.spec.ts:3:1 › device clock uses latency fallback for missing, stale, or invalid timestamps (380ms)
  ✓   2 [chromium] › e2e/production.spec.ts:21:1 › production build initializes every worklet and plays a decoded sample (1.4s)
  ✓   3 [chromium] › e2e/sample-library.spec.ts:9:1 › sample read failures, permission errors, and disconnects never terminate the server (37ms)
  ✓   4 [chromium] › e2e/sample-library.spec.ts:68:1 › sample access denial gives actionable feedback and permits retry (1.4s)
  ✓   5 [chromium] › e2e/sequencer.spec.ts:92:3 › App Initialization › renders all track sections (151ms)
  ✓   6 [chromium] › e2e/sequencer.spec.ts:99:3 › App Initialization › renders song pane with 12 phrase slots (160ms)
  ✓   7 [chromium] › e2e/sequencer.spec.ts:105:3 › App Initialization › renders transport bar with all controls (193ms)
  ✓   8 [chromium] › e2e/sequencer.spec.ts:118:3 › App Initialization › renders extension icons (171ms)
  ✓   9 [chromium] › e2e/sequencer.spec.ts:124:3 › App Initialization › renders engine icon with divider (164ms)
  ✓  10 [chromium] › e2e/sequencer.spec.ts:130:3 › App Initialization › song name shows Untitled by default (163ms)
  ✓  11 [chromium] › e2e/sequencer.spec.ts:136:3 › App Initialization › BPM defaults to 120 (167ms)
  ✓  12 [chromium] › e2e/sequencer.spec.ts:148:3 › Drum Grid › clicking a drum cell toggles it on (189ms)
  ✓  13 [chromium] › e2e/sequencer.spec.ts:156:3 › Drum Grid › clicking an active drum cell toggles it off (213ms)
  ✓  14 [chromium] › e2e/sequencer.spec.ts:165:3 › Drum Grid › default kick pattern has four-on-the-floor (159ms)
  ✓  15 [chromium] › e2e/sequencer.spec.ts:180:3 › Melody Grid › clicking a melody cell toggles it on (190ms)
  ✓  16 [chromium] › e2e/sequencer.spec.ts:189:3 › Melody Grid › clicking an active melody cell toggles it off (228ms)
  ✓  17 [chromium] › e2e/sequencer.spec.ts:206:3 › Vocal Grid › clicking a vocal cell toggles it on (193ms)
  ✓  18 [chromium] › e2e/sequencer.spec.ts:219:3 › Track Controls › mute button toggles muted state (229ms)
  ✓  19 [chromium] › e2e/sequencer.spec.ts:229:3 › Track Controls › CLR button clears all cells in track (194ms)
  ✓  20 [chromium] › e2e/sequencer.spec.ts:241:3 › Track Controls › FILL replicates pattern across all bars (264ms)
  ✓  21 [chromium] › e2e/sequencer.spec.ts:260:3 › Track Controls › LOAD button opens sample browser (274ms)
  ✓  22 [chromium] › e2e/sequencer.spec.ts:267:3 › Track Controls › Export Loops produces a ZIP of 24-bit WAVs, one per non-empty phrase (381ms)
  ✓  23 [chromium] › e2e/sequencer.spec.ts:345:3 › Track Controls › Export Loops surfaces an error state when render throws (349ms)
  ✓  24 [chromium] › e2e/sequencer.spec.ts:361:3 › Track Controls › preview failure surfaces error state on the preview button (418ms)
  ✓  25 [chromium] › e2e/sequencer.spec.ts:381:3 › Track Controls › Load failure surfaces error state on the LOAD button, browser stays open (728ms)
  ✓  26 [chromium] › e2e/sequencer.spec.ts:403:3 › Track Controls › selecting a different row clears the LOAD-failure state (801ms)
  ✓  27 [chromium] › e2e/sequencer.spec.ts:420:3 › Track Controls › a slow LOAD failure does not clobber the LOAD button after the user moves on (1.3s)
  ✓  28 [chromium] › e2e/sequencer.spec.ts:445:3 › Track Controls › a slow failing preview does not clobber a newer in-flight preview (1.1s)
  ✓  29 [chromium] › e2e/sequencer.spec.ts:470:3 › Track Controls › a stale preview-failure for index i does not clobber a newer success for the same i (958ms)
  ✓  30 [chromium] › e2e/sequencer.spec.ts:530:3 › Melody Track Controls › octave buttons change octave value (268ms)
  ✓  31 [chromium] › e2e/sequencer.spec.ts:546:3 › Melody Track Controls › harmony toggle cycles through modes (236ms)
  ✓  32 [chromium] › e2e/sequencer.spec.ts:573:3 › BPM Control › BPM number input updates value (170ms)
  ✓  33 [chromium] › e2e/sequencer.spec.ts:581:3 › BPM Control › BPM clamps to range 40-220 (167ms)
  ✓  34 [chromium] › e2e/sequencer.spec.ts:595:3 › Song Management › song name is visible (167ms)
  ✓  35 [chromium] › e2e/sequencer.spec.ts:600:3 › Song Management › double-click song name enables editing (227ms)
  ✓  36 [chromium] › e2e/sequencer.spec.ts:606:3 › Song Management › new song resets patterns and extensions deterministically (3.0s)
  ✓  37 [chromium] › e2e/sequencer.spec.ts:648:3 › Sample Browser › opens and closes (255ms)
  ✓  38 [chromium] › e2e/sequencer.spec.ts:659:3 › Sample Browser › search filters items (484ms)
  ✓  39 [chromium] › e2e/sequencer.spec.ts:680:3 › Phrase Pane › clicking phrase slot switches active phrase (192ms)
  ✓  40 [chromium] › e2e/sequencer.spec.ts:690:3 › Phrase Pane › phrase 1 has content indicator if default pattern exists (140ms)
  ✓  41 [chromium] › e2e/sequencer.spec.ts:697:3 › Phrase Pane › fill-with-prev button copies previous phrase (221ms)
  ✓  42 [chromium] › e2e/sequencer.spec.ts:716:3 › Extension Panels › clicking extension icon opens side panel (248ms)
  ✓  43 [chromium] › e2e/sequencer.spec.ts:724:3 › Extension Panels › clicking same icon closes panel (1.1s)
  ✓  44 [chromium] › e2e/sequencer.spec.ts:733:3 › Extension Panels › extension panel has on/off toggle (214ms)
  ✓  45 [chromium] › e2e/sequencer.spec.ts:739:3 › Extension Panels › toggling extension on/off changes state (1.1s)
  ✓  46 [chromium] › e2e/sequencer.spec.ts:750:3 › Extension Panels › compressor model selector switches between FET/OPTO/VCA (693ms)
  ✓  47 [chromium] › e2e/sequencer.spec.ts:785:3 › Extension Panels › transformer extension opens and has controls (1.1s)
  ✓  48 [chromium] › e2e/sequencer.spec.ts:794:3 › Extension Panels › close button closes panel (1.1s)
  ✓  49 [chromium] › e2e/sequencer.spec.ts:802:3 › Extension Panels › app shifts when panel opens (216ms)
  ✓  50 [chromium] › e2e/sequencer.spec.ts:814:3 › Engine Control Panel › clicking engine icon opens full-screen panel (584ms)
  ✓  51 [chromium] › e2e/sequencer.spec.ts:820:3 › Engine Control Panel › closing engine panel restores app view (1.3s)
  ✓  52 [chromium] › e2e/sequencer.spec.ts:833:3 › Engine Control Panel › Escape closes engine panel (578ms)
  ✓  53 [chromium] › e2e/sequencer.spec.ts:841:3 › Engine Control Panel › engine panel has all control sections (219ms)
  ✓  54 [chromium] › e2e/sequencer.spec.ts:855:3 › Keyboard Shortcuts › Space toggles play/stop (178ms)
  ✓  55 [chromium] › e2e/sequencer.spec.ts:866:3 › Keyboard Shortcuts › Escape closes browser modal (247ms)
  ✓  56 [chromium] › e2e/sequencer.spec.ts:880:3 › Transport Sync › remains in sync after repeated edit + stop/start cycles (5.6s)
  ✓  57 [chromium] › e2e/sequencer.spec.ts:950:3 › Persistence › pattern survives page reload (1.2s)
  ✓  58 [chromium] › e2e/sequencer.spec.ts:978:3 › Grid Alignment › bar dividers are visible (141ms)
  ✓  59 [chromium] › e2e/sequencer.spec.ts:984:3 › Grid Alignment › drum and melody grids are vertically aligned (143ms)
  ✓  60 [chromium] › e2e/sequencer.spec.ts:999:3 › MIDI Controls › MIDI button visible on all 3 melody tracks (139ms)
  ✓  61 [chromium] › e2e/sequencer.spec.ts:1005:3 › MIDI Controls › MIDI button not on drum tracks (141ms)
  ✓  62 [chromium] › e2e/sequencer.spec.ts:1011:3 › MIDI Controls › clicking MIDI button opens midi browser (204ms)
  ✓  63 [chromium] › e2e/sequencer.spec.ts:1018:3 › MIDI Controls › Escape closes midi browser (222ms)
  ✓  64 [chromium] › e2e/sequencer.spec.ts:1027:3 › MIDI Controls › close button closes midi browser (235ms)
  ✓  65 [chromium] › e2e/sequencer.spec.ts:1036:3 › MIDI Controls › midi browser shows status element (179ms)
  ✓  66 [chromium] › e2e/sequencer.spec.ts:1049:3 › ADSR Controls › ADSR button visible on all 9 tracks (139ms)
  ✓  67 [chromium] › e2e/sequencer.spec.ts:1055:3 › ADSR Controls › clicking ADSR button opens popup (177ms)
  ✓  68 [chromium] › e2e/sequencer.spec.ts:1062:3 › ADSR Controls › ADSR popup has canvas visualization (169ms)
  ✓  69 [chromium] › e2e/sequencer.spec.ts:1069:3 › ADSR Controls › ADSR popup has 4 sliders (214ms)
  ✓  70 [chromium] › e2e/sequencer.spec.ts:1077:3 › ADSR Controls › Escape closes ADSR popup (220ms)
  ✓  71 [chromium] › e2e/sequencer.spec.ts:1086:3 › ADSR Controls › close button closes ADSR popup (238ms)
  ✓  72 [chromium] › e2e/sequencer.spec.ts:1095:3 › ADSR Controls › ADSR envelope actually modulates audio when enabled (168ms)
  ✓  73 [chromium] › e2e/sequencer.spec.ts:1188:3 › Audio Engine Timing › exactly one AudioContext is constructed, including during initialization (506ms)
  ✓  74 [chromium] › e2e/sequencer.spec.ts:1203:3 › Audio Engine Timing › src.start times are scheduled in the future (single AudioContext) (3.3s)
  ✓  75 [chromium] › e2e/sequencer.spec.ts:1257:3 › Audio Engine Timing › ADSR-enabled triggers do not leak GainNodes across play/stop cycles (10.8s)
  ✓  76 [chromium] › e2e/sequencer.spec.ts:1348:3 › Transport/UI Synchronisation › playhead paints at device output time, including output latency (2.7s)
  ✓  77 [chromium] › e2e/sequencer.spec.ts:1414:3 › Transport/UI Synchronisation › switching the viewed phrase mid-playback does not freeze a lit column (2.7s)
  ✓  78 [chromium] › e2e/sequencer.spec.ts:1438:3 › Transport/UI Synchronisation › song pane marks the playing phrase while the transport runs (1.4s)
  ✓  79 [chromium] › e2e/sync-pressure.spec.ts:169:3 › phrase markers follow device playback through boundaries at 40 BPM (26.1s)
  ✓  80 [chromium] › e2e/sync-pressure.spec.ts:169:3 › phrase markers follow device playback through boundaries at 120 BPM (17.7s)
  ✓  81 [chromium] › e2e/sync-pressure.spec.ts:169:3 › phrase markers follow device playback through boundaries at 220 BPM (14.7s)
  ✓  82 [chromium] › e2e/sync-pressure.spec.ts:202:1 › dense polyphony and 180ms main-thread stalls preserve real sample alignment and recover to the current audible step (14.4s)
  ✓  83 [chromium] › e2e/sync-pressure.spec.ts:247:1 › rapid restarts and tempo edits retain one transport and clear all pending visuals (5.1s)
  ✓  84 [chromium] › e2e/sync-pressure.spec.ts:276:1 › stop cancels all tracks together when its loop crosses an audio block (5.4s)

  84 passed (2.4m)


--- stderr ---
[2m[WebServer] [22m(node:26930) Warning: The 'NO_COLOR' env is ignored due to the 'FORCE_COLOR' env being set.
[2m[WebServer] [22m(Use `node --trace-warnings ...` to show where the warning was created)
[2m[WebServer] [22m(node:26962) Warning: The 'NO_COLOR' env is ignored due to the 'FORCE_COLOR' env being set.
[2m[WebServer] [22m(Use `node --trace-warnings ...` to show where the warning was created)
(node:26971) Warning: The 'NO_COLOR' env is ignored due to the 'FORCE_COLOR' env being set.
(Use `node --trace-warnings ...` to show where the warning was created)
(node:26971) Warning: The 'NO_COLOR' env is ignored due to the 'FORCE_COLOR' env being set.
(Use `node --trace-warnings ...` to show where the warning was created)
