command: npm run ci
status: 0
elapsed_ms: 5105

--- stdout ---

> sequencer@1.0.0 ci
> npm run typecheck && npm run lint && npm run format:check && npm run circular


> sequencer@1.0.0 typecheck
> tsc --noEmit


> sequencer@1.0.0 lint
> eslint src/


> sequencer@1.0.0 format:check
> prettier --check 'src/**/*.ts'

Checking formatting...
All matched files use Prettier code style!

> sequencer@1.0.0 circular
> madge --circular --extensions ts src/

Processed 36 files (534ms) (5 warnings)




--- stderr ---
- Finding files
✔ No circular dependency found!
