command: npm run e2e
status: 0
elapsed_ms: 23502

--- stdout ---

> sequencer@1.0.0 e2e
> npx playwright test


Running 52 tests using 1 worker

  ✓   1 [chromium] › e2e/sequencer.spec.ts:17:3 › App Initialization › renders all track sections (407ms)
  ✓   2 [chromium] › e2e/sequencer.spec.ts:24:3 › App Initialization › renders song pane with 12 phrase slots (181ms)
  ✓   3 [chromium] › e2e/sequencer.spec.ts:30:3 › App Initialization › renders transport bar with all controls (190ms)
  ✓   4 [chromium] › e2e/sequencer.spec.ts:43:3 › App Initialization › renders extension icons (158ms)
  ✓   5 [chromium] › e2e/sequencer.spec.ts:49:3 › App Initialization › renders engine icon with divider (169ms)
  ✓   6 [chromium] › e2e/sequencer.spec.ts:55:3 › App Initialization › song name shows Untitled by default (156ms)
  ✓   7 [chromium] › e2e/sequencer.spec.ts:61:3 › App Initialization › BPM defaults to 120 (173ms)
  ✓   8 [chromium] › e2e/sequencer.spec.ts:73:3 › Drum Grid › clicking a drum cell toggles it on (209ms)
  ✓   9 [chromium] › e2e/sequencer.spec.ts:81:3 › Drum Grid › clicking an active drum cell toggles it off (211ms)
  ✓  10 [chromium] › e2e/sequencer.spec.ts:90:3 › Drum Grid › default kick pattern has four-on-the-floor (181ms)
  ✓  11 [chromium] › e2e/sequencer.spec.ts:105:3 › Melody Grid › clicking a melody cell toggles it on (183ms)
  ✓  12 [chromium] › e2e/sequencer.spec.ts:114:3 › Melody Grid › clicking an active melody cell toggles it off (236ms)
  ✓  13 [chromium] › e2e/sequencer.spec.ts:131:3 › Vocal Grid › clicking a vocal cell toggles it on (175ms)
  ✓  14 [chromium] › e2e/sequencer.spec.ts:144:3 › Track Controls › mute button toggles muted state (240ms)
  ✓  15 [chromium] › e2e/sequencer.spec.ts:154:3 › Track Controls › CLR button clears all cells in track (192ms)
  ✓  16 [chromium] › e2e/sequencer.spec.ts:166:3 › Track Controls › FILL replicates pattern across all bars (281ms)
  ✓  17 [chromium] › e2e/sequencer.spec.ts:185:3 › Track Controls › LOAD button opens sample browser (225ms)
  ✓  18 [chromium] › e2e/sequencer.spec.ts:198:3 › Melody Track Controls › octave buttons change octave value (269ms)
  ✓  19 [chromium] › e2e/sequencer.spec.ts:214:3 › Melody Track Controls › harmony toggle cycles through modes (237ms)
  ✓  20 [chromium] › e2e/sequencer.spec.ts:241:3 › BPM Control › BPM number input updates value (178ms)
  ✓  21 [chromium] › e2e/sequencer.spec.ts:249:3 › BPM Control › BPM clamps to range 40-220 (162ms)
  ✓  22 [chromium] › e2e/sequencer.spec.ts:263:3 › Song Management › song name is visible (156ms)
  ✓  23 [chromium] › e2e/sequencer.spec.ts:268:3 › Song Management › double-click song name enables editing (201ms)
  ✓  24 [chromium] › e2e/sequencer.spec.ts:274:3 › Song Management › new song resets patterns and extensions deterministically (3.0s)
  ✓  25 [chromium] › e2e/sequencer.spec.ts:316:3 › Sample Browser › opens and closes (282ms)
  ✓  26 [chromium] › e2e/sequencer.spec.ts:327:3 › Sample Browser › search filters items (444ms)
  ✓  27 [chromium] › e2e/sequencer.spec.ts:348:3 › Phrase Pane › clicking phrase slot switches active phrase (210ms)
  ✓  28 [chromium] › e2e/sequencer.spec.ts:358:3 › Phrase Pane › phrase 1 has content indicator if default pattern exists (161ms)
  ✓  29 [chromium] › e2e/sequencer.spec.ts:365:3 › Phrase Pane › fill-with-prev button copies previous phrase (213ms)
  ✓  30 [chromium] › e2e/sequencer.spec.ts:384:3 › Extension Panels › clicking extension icon opens side panel (211ms)
  ✓  31 [chromium] › e2e/sequencer.spec.ts:392:3 › Extension Panels › clicking same icon closes panel (1.1s)
  ✓  32 [chromium] › e2e/sequencer.spec.ts:401:3 › Extension Panels › extension panel has on/off toggle (212ms)
  ✓  33 [chromium] › e2e/sequencer.spec.ts:407:3 › Extension Panels › toggling extension on/off changes state (593ms)
  ✓  34 [chromium] › e2e/sequencer.spec.ts:418:3 › Extension Panels › compressor model selector switches between FET/OPTO/VCA (677ms)
  ✓  35 [chromium] › e2e/sequencer.spec.ts:453:3 › Extension Panels › transformer extension opens and has controls (1.1s)
  ✓  36 [chromium] › e2e/sequencer.spec.ts:462:3 › Extension Panels › close button closes panel (1.1s)
  ✓  37 [chromium] › e2e/sequencer.spec.ts:470:3 › Extension Panels › app shifts when panel opens (229ms)
  ✓  38 [chromium] › e2e/sequencer.spec.ts:482:3 › Engine Control Panel › clicking engine icon opens full-screen panel (566ms)
  ✓  39 [chromium] › e2e/sequencer.spec.ts:488:3 › Engine Control Panel › closing engine panel restores app view (1.2s)
  ✓  40 [chromium] › e2e/sequencer.spec.ts:501:3 › Engine Control Panel › Escape closes engine panel (582ms)
  ✓  41 [chromium] › e2e/sequencer.spec.ts:509:3 › Engine Control Panel › engine panel has all control sections (225ms)
  ✓  42 [chromium] › e2e/sequencer.spec.ts:523:3 › Keyboard Shortcuts › Space toggles play/stop (185ms)
  ✓  43 [chromium] › e2e/sequencer.spec.ts:534:3 › Keyboard Shortcuts › Escape closes browser modal (262ms)
  ✓  44 [chromium] › e2e/sequencer.spec.ts:548:3 › Persistence › pattern survives page reload (1.1s)
  ✓  45 [chromium] › e2e/sequencer.spec.ts:576:3 › Grid Alignment › bar dividers are visible (151ms)
  ✓  46 [chromium] › e2e/sequencer.spec.ts:582:3 › Grid Alignment › drum and melody grids are vertically aligned (167ms)
  ✓  47 [chromium] › e2e/sequencer.spec.ts:597:3 › MIDI Controls › MIDI button visible on all 3 melody tracks (164ms)
  ✓  48 [chromium] › e2e/sequencer.spec.ts:603:3 › MIDI Controls › MIDI button not on drum tracks (164ms)
  ✓  49 [chromium] › e2e/sequencer.spec.ts:609:3 › MIDI Controls › clicking MIDI button opens midi browser (205ms)
  ✓  50 [chromium] › e2e/sequencer.spec.ts:616:3 › MIDI Controls › Escape closes midi browser (213ms)
  ✓  51 [chromium] › e2e/sequencer.spec.ts:625:3 › MIDI Controls › close button closes midi browser (335ms)
  ✓  52 [chromium] › e2e/sequencer.spec.ts:634:3 › MIDI Controls › midi browser shows status element (181ms)

  52 passed (22.5s)


--- stderr ---
