command: node docs/qc/scripts/architecture-gates.mjs --mode delta
status: 0
elapsed_ms: 61

--- stdout ---
PASS | No dummy pass-through extension nodes | No pass-through dummy insert nodes detected.
PASS | No global window.SEQ extension coupling | No new window.SEQ additions in staged diff.
PASS | Engine interface contract is actually consumed | [delta-skip] Engine boundary files unchanged.
PASS | Scheduler does not import transport internals directly | [delta-skip] Scheduler file unchanged.
PASS | Persistence lifecycle decoupled from UI callback injection | [delta-skip] Persistence lifecycle files unchanged.
PASS | Preview audio nodes are explicitly cleaned up | [delta-skip] Audio core preview path unchanged.
PASS | Audio initialization ownership is centralized | [delta-skip] initAudio callsite files unchanged.
PASS | Decode failures are not silently swallowed | [delta-skip] Persistence decode path unchanged.
PASS | UI does not duplicate transport business logic | [delta-skip] UI/transport rule files unchanged.
PASS | Painting event setup is idempotent | [delta-skip] Painting setup files unchanged.
PASS | Playhead/cell rendering avoids repeated inline style mutation | [delta-skip] Playhead/cell render files unchanged.
PASS | PaintType does not use empty-string sentinel | [delta-skip] Paint state files unchanged.
PASS | Transport UI avoids large innerHTML template injection | [delta-skip] Transport builder unchanged.
PASS | Benchmark harness is deterministic (no proxy timing/randomness) | No forbidden benchmark timing proxies detected.
PASS | Fake benchmark processor removed | [delta-skip] Worklet files unchanged.

architecture-gates(delta): all 15 checks passed.


--- stderr ---
