command: node docs/qc/scripts/architecture-gates.mjs --mode delta
status: 0
elapsed_ms: 325

--- stdout ---
PASS | No dummy pass-through extension nodes | [delta-skip] Extension topology files unchanged.
PASS | No global window.SEQ extension coupling | [delta-skip] Extension files unchanged.
PASS | Engine interface contract is actually consumed | No legacy engine interface module present (dead boundary removed).
PASS | Scheduler does not import transport internals directly | No direct scheduler->transport state imports detected.
PASS | Persistence lifecycle decoupled from UI callback injection | No persistence callback injection API detected.
PASS | Preview audio nodes are explicitly cleaned up | [delta-skip] Audio core preview path unchanged.
PASS | Audio initialization ownership is centralized | No new initAudio call sites added in staged diff.
PASS | Decode failures are not silently swallowed | [delta-skip] Persistence decode path unchanged.
PASS | UI does not duplicate transport business logic | [delta-skip] UI/transport rule files unchanged.
PASS | Painting event setup is idempotent | Found setup guard.
PASS | Playhead/cell rendering avoids repeated inline style mutation | [delta-skip] Playhead/cell render files unchanged.
PASS | PaintType does not use empty-string sentinel | [delta-skip] Paint state files unchanged.
PASS | Transport UI avoids large innerHTML template injection | No transport.innerHTML injection detected.
PASS | Benchmark harness is deterministic (no proxy timing/randomness) | [delta-skip] Benchmark harness files unchanged.
PASS | Fake benchmark processor removed | [delta-skip] Worklet files unchanged.

architecture-gates(delta): all 15 checks passed.


--- stderr ---
