command: node docs/qc/scripts/architecture-gates.mjs --mode full
status: 1
elapsed_ms: 362

--- stdout ---
PASS | No dummy pass-through extension nodes | No pass-through dummy insert nodes detected.
PASS | No global window.SEQ extension coupling | No window.SEQ usage found in extensions.
PASS | Engine interface contract is actually consumed | No legacy engine interface module present (dead boundary removed).
PASS | Scheduler does not import transport internals directly | No direct scheduler->transport state imports detected.
PASS | Persistence lifecycle decoupled from UI callback injection | No persistence callback injection API detected.
PASS | Preview audio nodes are explicitly cleaned up | Preview node cleanup logic detected.
PASS | Audio initialization ownership is centralized | initAudio call sites: 3
PASS | Decode failures are not silently swallowed | No silent decode catch blocks detected.
PASS | Painting event setup is idempotent | Found setup guard.
PASS | PaintType does not use empty-string sentinel | No empty-string PaintType sentinel detected.
PASS | Transport UI avoids large innerHTML template injection | No transport.innerHTML injection detected.
PASS | Benchmark harness is deterministic (no proxy timing/randomness) | No forbidden benchmark timing proxies detected.
PASS | Fake benchmark processor removed | benchmark-processor.ts correctly removed.
FAIL | UI does not duplicate transport business logic | src/ui/painting.ts:100: function replicateTrack()
src/ui/cells.ts:78: function setMelodyCell()
FAIL | Playhead/cell rendering avoids repeated inline style mutation | src/ui/cells.ts:28: inline style mutation
src/ui/cells.ts:29: inline style mutation
src/ui/cells.ts:32: inline style mutation
src/ui/cells.ts:33: inline style mutation
src/ui/cells.ts:45: inline style mutation
src/ui/cells.ts:46: inline style mutation
src/ui/cells.ts:49: inline style mutation
src/ui/cells.ts:50: inline style mutation
src/ui/cells.ts:60: inline style mutation
src/ui/cells.ts:61: inline style mutation
src/ui/cells.ts:64: inline style mutation
src/ui/cells.ts:65: inline style mutation


--- stderr ---

architecture-gates: 2 failure(s), 13 pass(es).
