command: npm run gate:architecture
status: 1
elapsed_ms: 173

--- stdout ---

> sequencer@1.0.0 gate:architecture
> node docs/qc/scripts/architecture-gates.mjs

PASS | No dummy pass-through extension nodes | No pass-through dummy insert nodes detected.
PASS | Persistence lifecycle decoupled from UI callback injection | No persistence callback injection API detected.
PASS | Preview audio nodes are explicitly cleaned up | Preview node cleanup logic detected.
PASS | Audio initialization ownership is centralized | initAudio call sites (excluding definition): 1
PASS | Decode failures are not silently swallowed | No silent decode catch blocks detected.
PASS | Painting event setup is idempotent | Found setup guard.
PASS | PaintType does not use empty-string sentinel | No empty-string PaintType sentinel detected.
PASS | Transport UI avoids large innerHTML template injection | No transport.innerHTML injection detected.
PASS | Fake benchmark processor removed | benchmark-processor.ts correctly removed.
FAIL | No global window.SEQ extension coupling | rg execution failed (status null): unknown error
FAIL | Engine interface contract is actually consumed | AudioEngine appears unused outside interface declaration.
FAIL | Scheduler does not import transport internals directly | scheduler.ts imports transport internals directly.
FAIL | UI does not duplicate transport business logic | Duplicate track replication and/or melody mutation logic exists in UI layer.
FAIL | Playhead/cell rendering avoids repeated inline style mutation | Inline style mutation detected in playhead/cell render paths.
FAIL | Benchmark harness is deterministic (no proxy timing/randomness) | Forbidden tokens: Math.random(, setInterval(, currentTime


--- stderr ---

architecture-gates: 6 failure(s), 9 pass(es).
