command: npm run e2e
status: 0
elapsed_ms: 24211

--- stdout ---

> sequencer@1.0.0 e2e
> npx playwright test


Running 52 tests using 1 worker

  ✓   1 [chromium] › e2e/sequencer.spec.ts:17:3 › App Initialization › renders all track sections (367ms)
  ✓   2 [chromium] › e2e/sequencer.spec.ts:24:3 › App Initialization › renders song pane with 12 phrase slots (156ms)
  ✓   3 [chromium] › e2e/sequencer.spec.ts:30:3 › App Initialization › renders transport bar with all controls (189ms)
  ✓   4 [chromium] › e2e/sequencer.spec.ts:43:3 › App Initialization › renders extension icons (172ms)
  ✓   5 [chromium] › e2e/sequencer.spec.ts:49:3 › App Initialization › renders engine icon with divider (157ms)
  ✓   6 [chromium] › e2e/sequencer.spec.ts:55:3 › App Initialization › song name shows Untitled by default (161ms)
  ✓   7 [chromium] › e2e/sequencer.spec.ts:61:3 › App Initialization › BPM defaults to 120 (157ms)
  ✓   8 [chromium] › e2e/sequencer.spec.ts:73:3 › Drum Grid › clicking a drum cell toggles it on (195ms)
  ✓   9 [chromium] › e2e/sequencer.spec.ts:81:3 › Drum Grid › clicking an active drum cell toggles it off (216ms)
  ✓  10 [chromium] › e2e/sequencer.spec.ts:90:3 › Drum Grid › default kick pattern has four-on-the-floor (162ms)
  ✓  11 [chromium] › e2e/sequencer.spec.ts:105:3 › Melody Grid › clicking a melody cell toggles it on (198ms)
  ✓  12 [chromium] › e2e/sequencer.spec.ts:114:3 › Melody Grid › clicking an active melody cell toggles it off (219ms)
  ✓  13 [chromium] › e2e/sequencer.spec.ts:131:3 › Vocal Grid › clicking a vocal cell toggles it on (184ms)
  ✓  14 [chromium] › e2e/sequencer.spec.ts:144:3 › Track Controls › mute button toggles muted state (214ms)
  ✓  15 [chromium] › e2e/sequencer.spec.ts:154:3 › Track Controls › CLR button clears all cells in track (202ms)
  ✓  16 [chromium] › e2e/sequencer.spec.ts:166:3 › Track Controls › FILL replicates pattern across all bars (252ms)
  ✓  17 [chromium] › e2e/sequencer.spec.ts:185:3 › Track Controls › LOAD button opens sample browser (227ms)
  ✓  18 [chromium] › e2e/sequencer.spec.ts:198:3 › Melody Track Controls › octave buttons change octave value (278ms)
  ✓  19 [chromium] › e2e/sequencer.spec.ts:214:3 › Melody Track Controls › harmony toggle cycles through modes (229ms)
  ✓  20 [chromium] › e2e/sequencer.spec.ts:241:3 › BPM Control › BPM number input updates value (168ms)
  ✓  21 [chromium] › e2e/sequencer.spec.ts:249:3 › BPM Control › BPM clamps to range 40-220 (175ms)
  ✓  22 [chromium] › e2e/sequencer.spec.ts:263:3 › Song Management › song name is visible (159ms)
  ✓  23 [chromium] › e2e/sequencer.spec.ts:268:3 › Song Management › double-click song name enables editing (205ms)
  ✓  24 [chromium] › e2e/sequencer.spec.ts:274:3 › Song Management › new song resets patterns and extensions deterministically (3.1s)
  ✓  25 [chromium] › e2e/sequencer.spec.ts:316:3 › Sample Browser › opens and closes (314ms)
  ✓  26 [chromium] › e2e/sequencer.spec.ts:327:3 › Sample Browser › search filters items (434ms)
  ✓  27 [chromium] › e2e/sequencer.spec.ts:348:3 › Phrase Pane › clicking phrase slot switches active phrase (194ms)
  ✓  28 [chromium] › e2e/sequencer.spec.ts:358:3 › Phrase Pane › phrase 1 has content indicator if default pattern exists (149ms)
  ✓  29 [chromium] › e2e/sequencer.spec.ts:365:3 › Phrase Pane › fill-with-prev button copies previous phrase (209ms)
  ✓  30 [chromium] › e2e/sequencer.spec.ts:384:3 › Extension Panels › clicking extension icon opens side panel (210ms)
  ✓  31 [chromium] › e2e/sequencer.spec.ts:392:3 › Extension Panels › clicking same icon closes panel (1.0s)
  ✓  32 [chromium] › e2e/sequencer.spec.ts:401:3 › Extension Panels › extension panel has on/off toggle (223ms)
  ✓  33 [chromium] › e2e/sequencer.spec.ts:407:3 › Extension Panels › toggling extension on/off changes state (1.1s)
  ✓  34 [chromium] › e2e/sequencer.spec.ts:418:3 › Extension Panels › compressor model selector switches between FET/OPTO/VCA (1.2s)
  ✓  35 [chromium] › e2e/sequencer.spec.ts:453:3 › Extension Panels › transformer extension opens and has controls (1.1s)
  ✓  36 [chromium] › e2e/sequencer.spec.ts:462:3 › Extension Panels › close button closes panel (1.0s)
  ✓  37 [chromium] › e2e/sequencer.spec.ts:470:3 › Extension Panels › app shifts when panel opens (193ms)
  ✓  38 [chromium] › e2e/sequencer.spec.ts:482:3 › Engine Control Panel › clicking engine icon opens full-screen panel (558ms)
  ✓  39 [chromium] › e2e/sequencer.spec.ts:488:3 › Engine Control Panel › closing engine panel restores app view (1.2s)
  ✓  40 [chromium] › e2e/sequencer.spec.ts:501:3 › Engine Control Panel › Escape closes engine panel (584ms)
  ✓  41 [chromium] › e2e/sequencer.spec.ts:509:3 › Engine Control Panel › engine panel has all control sections (205ms)
  ✓  42 [chromium] › e2e/sequencer.spec.ts:523:3 › Keyboard Shortcuts › Space toggles play/stop (174ms)
  ✓  43 [chromium] › e2e/sequencer.spec.ts:534:3 › Keyboard Shortcuts › Escape closes browser modal (250ms)
  ✓  44 [chromium] › e2e/sequencer.spec.ts:548:3 › Persistence › pattern survives page reload (1.1s)
  ✓  45 [chromium] › e2e/sequencer.spec.ts:576:3 › Grid Alignment › bar dividers are visible (156ms)
  ✓  46 [chromium] › e2e/sequencer.spec.ts:582:3 › Grid Alignment › drum and melody grids are vertically aligned (159ms)
  ✓  47 [chromium] › e2e/sequencer.spec.ts:597:3 › MIDI Controls › MIDI button visible on all 3 melody tracks (155ms)
  ✓  48 [chromium] › e2e/sequencer.spec.ts:603:3 › MIDI Controls › MIDI button not on drum tracks (158ms)
  ✓  49 [chromium] › e2e/sequencer.spec.ts:609:3 › MIDI Controls › clicking MIDI button opens midi browser (198ms)
  ✓  50 [chromium] › e2e/sequencer.spec.ts:616:3 › MIDI Controls › Escape closes midi browser (286ms)
  ✓  51 [chromium] › e2e/sequencer.spec.ts:625:3 › MIDI Controls › close button closes midi browser (229ms)
  ✓  52 [chromium] › e2e/sequencer.spec.ts:634:3 › MIDI Controls › midi browser shows status element (172ms)

  52 passed (23.2s)


--- stderr ---
