command: npm run e2e
status: 0
elapsed_ms: 20139

--- stdout ---

> sequencer@1.0.0 e2e
> npx playwright test


Running 46 tests using 1 worker

  ✓   1 [chromium] › e2e/sequencer.spec.ts:17:3 › App Initialization › renders all track sections (369ms)
  ✓   2 [chromium] › e2e/sequencer.spec.ts:24:3 › App Initialization › renders song pane with 12 phrase slots (168ms)
  ✓   3 [chromium] › e2e/sequencer.spec.ts:30:3 › App Initialization › renders transport bar with all controls (212ms)
  ✓   4 [chromium] › e2e/sequencer.spec.ts:43:3 › App Initialization › renders extension icons (163ms)
  ✓   5 [chromium] › e2e/sequencer.spec.ts:49:3 › App Initialization › renders engine icon with divider (167ms)
  ✓   6 [chromium] › e2e/sequencer.spec.ts:55:3 › App Initialization › song name shows Untitled by default (157ms)
  ✓   7 [chromium] › e2e/sequencer.spec.ts:61:3 › App Initialization › BPM defaults to 120 (151ms)
  ✓   8 [chromium] › e2e/sequencer.spec.ts:73:3 › Drum Grid › clicking a drum cell toggles it on (197ms)
  ✓   9 [chromium] › e2e/sequencer.spec.ts:81:3 › Drum Grid › clicking an active drum cell toggles it off (237ms)
  ✓  10 [chromium] › e2e/sequencer.spec.ts:90:3 › Drum Grid › default kick pattern has four-on-the-floor (194ms)
  ✓  11 [chromium] › e2e/sequencer.spec.ts:105:3 › Melody Grid › clicking a melody cell toggles it on (184ms)
  ✓  12 [chromium] › e2e/sequencer.spec.ts:114:3 › Melody Grid › clicking an active melody cell toggles it off (222ms)
  ✓  13 [chromium] › e2e/sequencer.spec.ts:131:3 › Vocal Grid › clicking a vocal cell toggles it on (207ms)
  ✓  14 [chromium] › e2e/sequencer.spec.ts:144:3 › Track Controls › mute button toggles muted state (224ms)
  ✓  15 [chromium] › e2e/sequencer.spec.ts:154:3 › Track Controls › CLR button clears all cells in track (183ms)
  ✓  16 [chromium] › e2e/sequencer.spec.ts:166:3 › Track Controls › FILL replicates pattern across all bars (262ms)
  ✓  17 [chromium] › e2e/sequencer.spec.ts:185:3 › Track Controls › LOAD button opens sample browser (243ms)
  ✓  18 [chromium] › e2e/sequencer.spec.ts:198:3 › Melody Track Controls › octave buttons change octave value (293ms)
  ✓  19 [chromium] › e2e/sequencer.spec.ts:214:3 › Melody Track Controls › harmony toggle cycles through modes (230ms)
  ✓  20 [chromium] › e2e/sequencer.spec.ts:241:3 › BPM Control › BPM number input updates value (159ms)
  ✓  21 [chromium] › e2e/sequencer.spec.ts:249:3 › BPM Control › BPM clamps to range 40-220 (161ms)
  ✓  22 [chromium] › e2e/sequencer.spec.ts:263:3 › Song Management › song name is visible (155ms)
  ✓  23 [chromium] › e2e/sequencer.spec.ts:268:3 › Song Management › double-click song name enables editing (189ms)
  -  24 [chromium] › e2e/sequencer.spec.ts:274:8 › Song Management › new song clears patterns
  ✓  25 [chromium] › e2e/sequencer.spec.ts:303:3 › Sample Browser › opens and closes (249ms)
  ✓  26 [chromium] › e2e/sequencer.spec.ts:314:3 › Sample Browser › search filters items (449ms)
  ✓  27 [chromium] › e2e/sequencer.spec.ts:335:3 › Phrase Pane › clicking phrase slot switches active phrase (221ms)
  ✓  28 [chromium] › e2e/sequencer.spec.ts:345:3 › Phrase Pane › phrase 1 has content indicator if default pattern exists (162ms)
  ✓  29 [chromium] › e2e/sequencer.spec.ts:352:3 › Phrase Pane › fill-with-prev button copies previous phrase (223ms)
  ✓  30 [chromium] › e2e/sequencer.spec.ts:371:3 › Extension Panels › clicking extension icon opens side panel (203ms)
  ✓  31 [chromium] › e2e/sequencer.spec.ts:379:3 › Extension Panels › clicking same icon closes panel (1.1s)
  ✓  32 [chromium] › e2e/sequencer.spec.ts:388:3 › Extension Panels › extension panel has on/off toggle (220ms)
  ✓  33 [chromium] › e2e/sequencer.spec.ts:394:3 › Extension Panels › toggling extension on/off changes state (1.1s)
  ✓  34 [chromium] › e2e/sequencer.spec.ts:405:3 › Extension Panels › compressor model selector switches between FET/OPTO/VCA (1.2s)
  ✓  35 [chromium] › e2e/sequencer.spec.ts:440:3 › Extension Panels › transformer extension opens and has controls (1.1s)
  ✓  36 [chromium] › e2e/sequencer.spec.ts:449:3 › Extension Panels › close button closes panel (1.1s)
  ✓  37 [chromium] › e2e/sequencer.spec.ts:457:3 › Extension Panels › app shifts when panel opens (209ms)
  ✓  38 [chromium] › e2e/sequencer.spec.ts:469:3 › Engine Control Panel › clicking engine icon opens full-screen panel (570ms)
  ✓  39 [chromium] › e2e/sequencer.spec.ts:475:3 › Engine Control Panel › closing engine panel restores app view (1.2s)
  ✓  40 [chromium] › e2e/sequencer.spec.ts:488:3 › Engine Control Panel › Escape closes engine panel (586ms)
  ✓  41 [chromium] › e2e/sequencer.spec.ts:496:3 › Engine Control Panel › engine panel has all control sections (223ms)
  ✓  42 [chromium] › e2e/sequencer.spec.ts:510:3 › Keyboard Shortcuts › Space toggles play/stop (189ms)
  ✓  43 [chromium] › e2e/sequencer.spec.ts:521:3 › Keyboard Shortcuts › Escape closes browser modal (246ms)
  ✓  44 [chromium] › e2e/sequencer.spec.ts:535:3 › Persistence › pattern survives page reload (1.1s)
  ✓  45 [chromium] › e2e/sequencer.spec.ts:563:3 › Grid Alignment › bar dividers are visible (166ms)
  ✓  46 [chromium] › e2e/sequencer.spec.ts:569:3 › Grid Alignment › drum and melody grids are vertically aligned (169ms)

  1 skipped
  45 passed (19.1s)


--- stderr ---
[2m[WebServer] [22m(node:86488) Warning: The 'NO_COLOR' env is ignored due to the 'FORCE_COLOR' env being set.
[2m[WebServer] [22m(Use `node --trace-warnings ...` to show where the warning was created)
[2m[WebServer] [22m(node:86541) Warning: The 'NO_COLOR' env is ignored due to the 'FORCE_COLOR' env being set.
[2m[WebServer] [22m(Use `node --trace-warnings ...` to show where the warning was created)
(node:86547) Warning: The 'NO_COLOR' env is ignored due to the 'FORCE_COLOR' env being set.
(Use `node --trace-warnings ...` to show where the warning was created)
(node:86547) Warning: The 'NO_COLOR' env is ignored due to the 'FORCE_COLOR' env being set.
(Use `node --trace-warnings ...` to show where the warning was created)
