command: npm run e2e
status: 0
elapsed_ms: 188585

--- stdout ---

> sequencer@1.0.0 e2e
> npx playwright test


Running 118 tests using 1 worker

  ✓    1 [chromium] › e2e/aux-integrity.spec.ts:75:3 › reverb: disabled state and stale stop callback cannot restore wet audio (1.4s)
  ✓    2 [chromium] › e2e/aux-integrity.spec.ts:78:3 › reverb: disabling clears audible processor memory before re-enable (1.1s)
  ✓    3 [chromium] › e2e/aux-integrity.spec.ts:83:3 › reverb: rapid playback restart cancels delayed stop reset (1.7s)
  ✓    4 [chromium] › e2e/aux-integrity.spec.ts:75:3 › delay: disabled state and stale stop callback cannot restore wet audio (1.0s)
  ✓    5 [chromium] › e2e/aux-integrity.spec.ts:78:3 › delay: disabling clears audible processor memory before re-enable (1.1s)
  ✓    6 [chromium] › e2e/aux-integrity.spec.ts:83:3 › delay: rapid playback restart cancels delayed stop reset (1.7s)
  ✓    7 [chromium] › e2e/aux-integrity.spec.ts:91:1 › loading the current song during a queued save does not create a false conflict (172ms)
  ✓    8 [chromium] › e2e/benchmark-pressure.spec.ts:4:1 › real shipped compressor overload fails the independently calculated quantum budget (12.1s)
  ✓    9 [chromium] › e2e/output-clock.spec.ts:3:1 › device clock uses latency fallback for missing, stale, or invalid timestamps (133ms)
  ✓   10 [chromium] › e2e/package-integrity.spec.ts:32:1 › portable JSON retains sample bytes and decoded audio after file import and reload (1.3s)
  ✓   11 [chromium] › e2e/package-integrity.spec.ts:79:3 › failed import preserves live and saved song: negative BPM (367ms)
  ✓   12 [chromium] › e2e/package-integrity.spec.ts:79:3 › failed import preserves live and saved song: phrase index (351ms)
  ✓   13 [chromium] › e2e/package-integrity.spec.ts:79:3 › failed import preserves live and saved song: object name (333ms)
  ✓   14 [chromium] › e2e/package-integrity.spec.ts:79:3 › failed import preserves live and saved song: wrong pattern type (331ms)
  ✓   15 [chromium] › e2e/package-integrity.spec.ts:79:3 › failed import preserves live and saved song: unsafe effect (388ms)
  ✓   16 [chromium] › e2e/package-integrity.spec.ts:79:3 › failed import preserves live and saved song: invalid sample (368ms)
  ✓   17 [chromium] › e2e/package-integrity.spec.ts:79:3 › failed import preserves live and saved song: corrupt encoded audio (355ms)
  ✓   18 [chromium] › e2e/package-integrity.spec.ts:79:3 › failed import preserves live and saved song: unknown version (355ms)
  ✓   19 [chromium] › e2e/package-integrity.spec.ts:79:3 › failed import preserves live and saved song: not a song (315ms)
  ✓   20 [chromium] › e2e/package-integrity.spec.ts:79:3 › failed import preserves live and saved song: malformed JSON (311ms)
  ✓   21 [chromium] › e2e/package-integrity.spec.ts:93:1 › transaction abort after request success rejects and autosave visibly reports failure (1.0s)
  ✓   22 [chromium] › e2e/package-integrity.spec.ts:115:1 › overlapping sample decodes commit only the latest complete song (203ms)
  ✓   23 [chromium] › e2e/package-integrity.spec.ts:138:1 › two tabs reject stale edits and preserve both versions through Save as new song (1.6s)
  ✓   24 [chromium] › e2e/package-integrity.spec.ts:160:1 › pending same-tab saves and new-song action preserve the last edit without a false conflict (222ms)
  ✓   25 [chromium] › e2e/package-integrity.spec.ts:173:1 › deleting the only song cannot resurrect it locally or from a stale tab (1.4s)
  ✓   26 [chromium] › e2e/package-integrity.spec.ts:187:1 › ADSR, master gain and permanent engine sound survive reload and reset on New Song (328ms)
  ✓   27 [chromium] › e2e/package-integrity.spec.ts:206:1 › Space respects modal buttons and contenteditable without starting transport (337ms)
  ✓   28 [chromium] › e2e/package-integrity.spec.ts:218:3 › startup storage failure has a successful fresh-document retry (381ms)
  ✓   29 [chromium] › e2e/package-integrity.spec.ts:218:3 › startup worklet failure has a successful fresh-document retry (602ms)
  ✓   30 [chromium] › e2e/package-integrity.spec.ts:241:1 › mobile melody toolbar keeps every control reachable without clipping (437ms)
  ✓   31 [chromium] › e2e/package-integrity.spec.ts:251:3 › MIDI same-pitch retriggers retain ownership on track 0, release false (1.4s)
  ✓   32 [chromium] › e2e/package-integrity.spec.ts:251:3 › MIDI same-pitch retriggers retain ownership on track 1, release false (1.4s)
  ✓   33 [chromium] › e2e/package-integrity.spec.ts:251:3 › MIDI same-pitch retriggers retain ownership on track 1, release true (1.3s)
  ✓   34 [chromium] › e2e/package-integrity.spec.ts:305:1 › an older file read cannot overwrite a newer UI import (304ms)
  ✓   35 [chromium] › e2e/package-integrity.spec.ts:327:1 › restored ADSR and master controls produce the same audible envelope (281ms)
  ✓   36 [chromium] › e2e/production.spec.ts:21:1 › production build initializes every worklet and plays a decoded sample (1.0s)
  ✓   37 [chromium] › e2e/sample-library.spec.ts:9:1 › sample read failures, permission errors, and disconnects never terminate the server (45ms)
  ✓   38 [chromium] › e2e/sample-library.spec.ts:68:1 › sample access denial gives actionable feedback and permits retry (1.0s)
  ✓   39 [chromium] › e2e/sequencer.spec.ts:92:3 › App Initialization › renders all track sections (195ms)
  ✓   40 [chromium] › e2e/sequencer.spec.ts:99:3 › App Initialization › renders song pane with 12 phrase slots (217ms)
  ✓   41 [chromium] › e2e/sequencer.spec.ts:105:3 › App Initialization › renders transport bar with all controls (237ms)
  ✓   42 [chromium] › e2e/sequencer.spec.ts:118:3 › App Initialization › renders extension icons (233ms)
  ✓   43 [chromium] › e2e/sequencer.spec.ts:124:3 › App Initialization › renders engine icon with divider (226ms)
  ✓   44 [chromium] › e2e/sequencer.spec.ts:130:3 › App Initialization › song name shows Untitled by default (189ms)
  ✓   45 [chromium] › e2e/sequencer.spec.ts:136:3 › App Initialization › BPM defaults to 120 (272ms)
  ✓   46 [chromium] › e2e/sequencer.spec.ts:148:3 › Drum Grid › clicking a drum cell toggles it on (296ms)
  ✓   47 [chromium] › e2e/sequencer.spec.ts:156:3 › Drum Grid › clicking an active drum cell toggles it off (309ms)
  ✓   48 [chromium] › e2e/sequencer.spec.ts:165:3 › Drum Grid › default kick pattern has four-on-the-floor (268ms)
  ✓   49 [chromium] › e2e/sequencer.spec.ts:180:3 › Melody Grid › clicking a melody cell toggles it on (221ms)
  ✓   50 [chromium] › e2e/sequencer.spec.ts:189:3 › Melody Grid › clicking an active melody cell toggles it off (273ms)
  ✓   51 [chromium] › e2e/sequencer.spec.ts:206:3 › Vocal Grid › clicking a vocal cell toggles it on (221ms)
  ✓   52 [chromium] › e2e/sequencer.spec.ts:219:3 › Track Controls › mute button toggles muted state (1.5s)
  ✓   53 [chromium] › e2e/sequencer.spec.ts:229:3 › Track Controls › CLR button clears all cells in track (213ms)
  ✓   54 [chromium] › e2e/sequencer.spec.ts:241:3 › Track Controls › FILL replicates pattern across all bars (319ms)
  ✓   55 [chromium] › e2e/sequencer.spec.ts:260:3 › Track Controls › LOAD button opens sample browser (280ms)
  ✓   56 [chromium] › e2e/sequencer.spec.ts:267:3 › Track Controls › Export Loops produces a ZIP of 24-bit WAVs, one per non-empty phrase (397ms)
  ✓   57 [chromium] › e2e/sequencer.spec.ts:345:3 › Track Controls › Export Loops surfaces an error state when render throws (332ms)
  ✓   58 [chromium] › e2e/sequencer.spec.ts:361:3 › Track Controls › preview failure surfaces error state on the preview button (425ms)
  ✓   59 [chromium] › e2e/sequencer.spec.ts:381:3 › Track Controls › Load failure surfaces error state on the LOAD button, browser stays open (711ms)
  ✓   60 [chromium] › e2e/sequencer.spec.ts:403:3 › Track Controls › selecting a different row clears the LOAD-failure state (762ms)
  ✓   61 [chromium] › e2e/sequencer.spec.ts:420:3 › Track Controls › a slow LOAD failure does not clobber the LOAD button after the user moves on (1.5s)
  ✓   62 [chromium] › e2e/sequencer.spec.ts:445:3 › Track Controls › a slow failing preview does not clobber a newer in-flight preview (1.1s)
  ✓   63 [chromium] › e2e/sequencer.spec.ts:470:3 › Track Controls › a stale preview-failure for index i does not clobber a newer success for the same i (957ms)
  ✓   64 [chromium] › e2e/sequencer.spec.ts:530:3 › Melody Track Controls › octave buttons change octave value (306ms)
  ✓   65 [chromium] › e2e/sequencer.spec.ts:546:3 › Melody Track Controls › harmony toggle cycles through modes (259ms)
  ✓   66 [chromium] › e2e/sequencer.spec.ts:573:3 › BPM Control › BPM number input updates value (178ms)
  ✓   67 [chromium] › e2e/sequencer.spec.ts:581:3 › BPM Control › BPM clamps to range 40-220 (177ms)
  ✓   68 [chromium] › e2e/sequencer.spec.ts:595:3 › Song Management › song name is visible (155ms)
  ✓   69 [chromium] › e2e/sequencer.spec.ts:600:3 › Song Management › double-click song name enables editing (179ms)
  ✓   70 [chromium] › e2e/sequencer.spec.ts:606:3 › Song Management › new song resets patterns and extensions deterministically (3.5s)
  ✓   71 [chromium] › e2e/sequencer.spec.ts:648:3 › Sample Browser › opens and closes (326ms)
  ✓   72 [chromium] › e2e/sequencer.spec.ts:659:3 › Sample Browser › search filters items (497ms)
  ✓   73 [chromium] › e2e/sequencer.spec.ts:680:3 › Phrase Pane › clicking phrase slot switches active phrase (257ms)
  ✓   74 [chromium] › e2e/sequencer.spec.ts:690:3 › Phrase Pane › phrase 1 has content indicator if default pattern exists (211ms)
  ✓   75 [chromium] › e2e/sequencer.spec.ts:697:3 › Phrase Pane › fill-with-prev button copies previous phrase (292ms)
  ✓   76 [chromium] › e2e/sequencer.spec.ts:716:3 › Extension Panels › clicking extension icon opens side panel (288ms)
  ✓   77 [chromium] › e2e/sequencer.spec.ts:724:3 › Extension Panels › clicking same icon closes panel (1.1s)
  ✓   78 [chromium] › e2e/sequencer.spec.ts:733:3 › Extension Panels › extension panel has on/off toggle (282ms)
  ✓   79 [chromium] › e2e/sequencer.spec.ts:739:3 › Extension Panels › toggling extension on/off changes state (1.2s)
  ✓   80 [chromium] › e2e/sequencer.spec.ts:750:3 › Extension Panels › compressor model selector switches between FET/OPTO/VCA (685ms)
  ✓   81 [chromium] › e2e/sequencer.spec.ts:785:3 › Extension Panels › transformer extension opens and has controls (1.1s)
  ✓   82 [chromium] › e2e/sequencer.spec.ts:794:3 › Extension Panels › close button closes panel (1.1s)
  ✓   83 [chromium] › e2e/sequencer.spec.ts:802:3 › Extension Panels › app shifts when panel opens (269ms)
  ✓   84 [chromium] › e2e/sequencer.spec.ts:814:3 › Engine Control Panel › clicking engine icon opens full-screen panel (618ms)
  ✓   85 [chromium] › e2e/sequencer.spec.ts:820:3 › Engine Control Panel › closing engine panel restores app view (1.3s)
  ✓   86 [chromium] › e2e/sequencer.spec.ts:833:3 › Engine Control Panel › Escape closes engine panel (654ms)
  ✓   87 [chromium] › e2e/sequencer.spec.ts:841:3 › Engine Control Panel › engine panel has all control sections (294ms)
  ✓   88 [chromium] › e2e/sequencer.spec.ts:855:3 › Keyboard Shortcuts › Space toggles play/stop (226ms)
  ✓   89 [chromium] › e2e/sequencer.spec.ts:866:3 › Keyboard Shortcuts › Escape closes browser modal (324ms)
  ✓   90 [chromium] › e2e/sequencer.spec.ts:880:3 › Transport Sync › remains in sync after repeated edit + stop/start cycles (5.7s)
  ✓   91 [chromium] › e2e/sequencer.spec.ts:950:3 › Persistence › pattern survives page reload (1.2s)
  ✓   92 [chromium] › e2e/sequencer.spec.ts:978:3 › Grid Alignment › bar dividers are visible (201ms)
  ✓   93 [chromium] › e2e/sequencer.spec.ts:984:3 › Grid Alignment › drum and melody grids are vertically aligned (197ms)
  ✓   94 [chromium] › e2e/sequencer.spec.ts:999:3 › MIDI Controls › MIDI button visible on all 3 melody tracks (200ms)
  ✓   95 [chromium] › e2e/sequencer.spec.ts:1005:3 › MIDI Controls › MIDI button not on drum tracks (204ms)
  ✓   96 [chromium] › e2e/sequencer.spec.ts:1011:3 › MIDI Controls › clicking MIDI button opens midi browser (259ms)
  ✓   97 [chromium] › e2e/sequencer.spec.ts:1018:3 › MIDI Controls › Escape closes midi browser (251ms)
  ✓   98 [chromium] › e2e/sequencer.spec.ts:1027:3 › MIDI Controls › close button closes midi browser (292ms)
  ✓   99 [chromium] › e2e/sequencer.spec.ts:1036:3 › MIDI Controls › midi browser shows status element (215ms)
  ✓  100 [chromium] › e2e/sequencer.spec.ts:1049:3 › ADSR Controls › ADSR button visible on all 9 tracks (199ms)
  ✓  101 [chromium] › e2e/sequencer.spec.ts:1055:3 › ADSR Controls › clicking ADSR button opens popup (261ms)
  ✓  102 [chromium] › e2e/sequencer.spec.ts:1062:3 › ADSR Controls › ADSR popup has canvas visualization (244ms)
  ✓  103 [chromium] › e2e/sequencer.spec.ts:1069:3 › ADSR Controls › ADSR popup has 4 sliders (263ms)
  ✓  104 [chromium] › e2e/sequencer.spec.ts:1077:3 › ADSR Controls › Escape closes ADSR popup (281ms)
  ✓  105 [chromium] › e2e/sequencer.spec.ts:1086:3 › ADSR Controls › close button closes ADSR popup (301ms)
  ✓  106 [chromium] › e2e/sequencer.spec.ts:1095:3 › ADSR Controls › ADSR envelope actually modulates audio when enabled (204ms)
  ✓  107 [chromium] › e2e/sequencer.spec.ts:1188:3 › Audio Engine Timing › exactly one AudioContext is constructed, including during initialization (543ms)
  ✓  108 [chromium] › e2e/sequencer.spec.ts:1203:3 › Audio Engine Timing › src.start times are scheduled in the future (single AudioContext) (3.2s)
  ✓  109 [chromium] › e2e/sequencer.spec.ts:1257:3 › Audio Engine Timing › ADSR-enabled triggers do not leak GainNodes across play/stop cycles (10.9s)
  ✓  110 [chromium] › e2e/sequencer.spec.ts:1348:3 › Transport/UI Synchronisation › playhead paints at device output time, including output latency (2.8s)
  ✓  111 [chromium] › e2e/sequencer.spec.ts:1414:3 › Transport/UI Synchronisation › switching the viewed phrase mid-playback does not freeze a lit column (2.7s)
  ✓  112 [chromium] › e2e/sequencer.spec.ts:1438:3 › Transport/UI Synchronisation › song pane marks the playing phrase while the transport runs (1.4s)
  ✓  113 [chromium] › e2e/sync-pressure.spec.ts:219:3 › phrase markers follow device playback through boundaries at 40 BPM (26.0s)
  ✓  114 [chromium] › e2e/sync-pressure.spec.ts:219:3 › phrase markers follow device playback through boundaries at 120 BPM (17.7s)
  ✓  115 [chromium] › e2e/sync-pressure.spec.ts:219:3 › phrase markers follow device playback through boundaries at 220 BPM (14.7s)
  ✓  116 [chromium] › e2e/sync-pressure.spec.ts:249:1 › dense polyphony and 180ms main-thread stalls preserve real sample alignment and recover to the current audible step (14.6s)
  ✓  117 [chromium] › e2e/sync-pressure.spec.ts:293:1 › rapid restarts and tempo edits retain one transport and clear all pending visuals (5.1s)
  ✓  118 [chromium] › e2e/sync-pressure.spec.ts:322:1 › stop cancels all tracks together when its loop crosses an audio block (5.4s)

  118 passed (3.1m)


--- stderr ---
[2m[WebServer] [22m(node:9112) Warning: The 'NO_COLOR' env is ignored due to the 'FORCE_COLOR' env being set.
[2m[WebServer] [22m(Use `node --trace-warnings ...` to show where the warning was created)
[2m[WebServer] [22m(node:9153) Warning: The 'NO_COLOR' env is ignored due to the 'FORCE_COLOR' env being set.
[2m[WebServer] [22m(Use `node --trace-warnings ...` to show where the warning was created)
(node:9157) Warning: The 'NO_COLOR' env is ignored due to the 'FORCE_COLOR' env being set.
(Use `node --trace-warnings ...` to show where the warning was created)
(node:9157) Warning: The 'NO_COLOR' env is ignored due to the 'FORCE_COLOR' env being set.
(Use `node --trace-warnings ...` to show where the warning was created)
