command: npm run e2e
status: 0
elapsed_ms: 32481

--- stdout ---

> sequencer@1.0.0 e2e
> npx playwright test


Running 62 tests using 1 worker

  ✓   1 [chromium] › e2e/sequencer.spec.ts:91:3 › App Initialization › renders all track sections (404ms)
  ✓   2 [chromium] › e2e/sequencer.spec.ts:98:3 › App Initialization › renders song pane with 12 phrase slots (177ms)
  ✓   3 [chromium] › e2e/sequencer.spec.ts:104:3 › App Initialization › renders transport bar with all controls (195ms)
  ✓   4 [chromium] › e2e/sequencer.spec.ts:117:3 › App Initialization › renders extension icons (170ms)
  ✓   5 [chromium] › e2e/sequencer.spec.ts:123:3 › App Initialization › renders engine icon with divider (160ms)
  ✓   6 [chromium] › e2e/sequencer.spec.ts:129:3 › App Initialization › song name shows Untitled by default (171ms)
  ✓   7 [chromium] › e2e/sequencer.spec.ts:135:3 › App Initialization › BPM defaults to 120 (171ms)
  ✓   8 [chromium] › e2e/sequencer.spec.ts:147:3 › Drum Grid › clicking a drum cell toggles it on (194ms)
  ✓   9 [chromium] › e2e/sequencer.spec.ts:155:3 › Drum Grid › clicking an active drum cell toggles it off (212ms)
  ✓  10 [chromium] › e2e/sequencer.spec.ts:164:3 › Drum Grid › default kick pattern has four-on-the-floor (165ms)
  ✓  11 [chromium] › e2e/sequencer.spec.ts:179:3 › Melody Grid › clicking a melody cell toggles it on (190ms)
  ✓  12 [chromium] › e2e/sequencer.spec.ts:188:3 › Melody Grid › clicking an active melody cell toggles it off (271ms)
  ✓  13 [chromium] › e2e/sequencer.spec.ts:205:3 › Vocal Grid › clicking a vocal cell toggles it on (202ms)
  ✓  14 [chromium] › e2e/sequencer.spec.ts:218:3 › Track Controls › mute button toggles muted state (219ms)
  ✓  15 [chromium] › e2e/sequencer.spec.ts:228:3 › Track Controls › CLR button clears all cells in track (187ms)
  ✓  16 [chromium] › e2e/sequencer.spec.ts:240:3 › Track Controls › FILL replicates pattern across all bars (271ms)
  ✓  17 [chromium] › e2e/sequencer.spec.ts:259:3 › Track Controls › LOAD button opens sample browser (257ms)
  ✓  18 [chromium] › e2e/sequencer.spec.ts:266:3 › Track Controls › Export Loops produces a ZIP of 24-bit WAVs, one per non-empty phrase (369ms)
  ✓  19 [chromium] › e2e/sequencer.spec.ts:343:3 › Track Controls › preview failure surfaces error state on the preview button (423ms)
  ✓  20 [chromium] › e2e/sequencer.spec.ts:369:3 › Melody Track Controls › octave buttons change octave value (278ms)
  ✓  21 [chromium] › e2e/sequencer.spec.ts:385:3 › Melody Track Controls › harmony toggle cycles through modes (236ms)
  ✓  22 [chromium] › e2e/sequencer.spec.ts:412:3 › BPM Control › BPM number input updates value (167ms)
  ✓  23 [chromium] › e2e/sequencer.spec.ts:420:3 › BPM Control › BPM clamps to range 40-220 (170ms)
  ✓  24 [chromium] › e2e/sequencer.spec.ts:434:3 › Song Management › song name is visible (164ms)
  ✓  25 [chromium] › e2e/sequencer.spec.ts:439:3 › Song Management › double-click song name enables editing (197ms)
  ✓  26 [chromium] › e2e/sequencer.spec.ts:445:3 › Song Management › new song resets patterns and extensions deterministically (3.5s)
  ✓  27 [chromium] › e2e/sequencer.spec.ts:487:3 › Sample Browser › opens and closes (272ms)
  ✓  28 [chromium] › e2e/sequencer.spec.ts:498:3 › Sample Browser › search filters items (456ms)
  ✓  29 [chromium] › e2e/sequencer.spec.ts:519:3 › Phrase Pane › clicking phrase slot switches active phrase (225ms)
  ✓  30 [chromium] › e2e/sequencer.spec.ts:529:3 › Phrase Pane › phrase 1 has content indicator if default pattern exists (171ms)
  ✓  31 [chromium] › e2e/sequencer.spec.ts:536:3 › Phrase Pane › fill-with-prev button copies previous phrase (256ms)
  ✓  32 [chromium] › e2e/sequencer.spec.ts:555:3 › Extension Panels › clicking extension icon opens side panel (230ms)
  ✓  33 [chromium] › e2e/sequencer.spec.ts:563:3 › Extension Panels › clicking same icon closes panel (1.1s)
  ✓  34 [chromium] › e2e/sequencer.spec.ts:572:3 › Extension Panels › extension panel has on/off toggle (242ms)
  ✓  35 [chromium] › e2e/sequencer.spec.ts:578:3 › Extension Panels › toggling extension on/off changes state (1.1s)
  ✓  36 [chromium] › e2e/sequencer.spec.ts:589:3 › Extension Panels › compressor model selector switches between FET/OPTO/VCA (1.2s)
  ✓  37 [chromium] › e2e/sequencer.spec.ts:624:3 › Extension Panels › transformer extension opens and has controls (1.1s)
  ✓  38 [chromium] › e2e/sequencer.spec.ts:633:3 › Extension Panels › close button closes panel (1.1s)
  ✓  39 [chromium] › e2e/sequencer.spec.ts:641:3 › Extension Panels › app shifts when panel opens (216ms)
  ✓  40 [chromium] › e2e/sequencer.spec.ts:653:3 › Engine Control Panel › clicking engine icon opens full-screen panel (613ms)
  ✓  41 [chromium] › e2e/sequencer.spec.ts:659:3 › Engine Control Panel › closing engine panel restores app view (1.2s)
  ✓  42 [chromium] › e2e/sequencer.spec.ts:672:3 › Engine Control Panel › Escape closes engine panel (594ms)
  ✓  43 [chromium] › e2e/sequencer.spec.ts:680:3 › Engine Control Panel › engine panel has all control sections (244ms)
  ✓  44 [chromium] › e2e/sequencer.spec.ts:694:3 › Keyboard Shortcuts › Space toggles play/stop (181ms)
  ✓  45 [chromium] › e2e/sequencer.spec.ts:705:3 › Keyboard Shortcuts › Escape closes browser modal (267ms)
  ✓  46 [chromium] › e2e/sequencer.spec.ts:719:3 › Transport Sync › remains in sync after repeated edit + stop/start cycles (5.5s)
  ✓  47 [chromium] › e2e/sequencer.spec.ts:773:3 › Persistence › pattern survives page reload (1.1s)
  ✓  48 [chromium] › e2e/sequencer.spec.ts:801:3 › Grid Alignment › bar dividers are visible (148ms)
  ✓  49 [chromium] › e2e/sequencer.spec.ts:807:3 › Grid Alignment › drum and melody grids are vertically aligned (160ms)
  ✓  50 [chromium] › e2e/sequencer.spec.ts:822:3 › MIDI Controls › MIDI button visible on all 3 melody tracks (152ms)
  ✓  51 [chromium] › e2e/sequencer.spec.ts:828:3 › MIDI Controls › MIDI button not on drum tracks (156ms)
  ✓  52 [chromium] › e2e/sequencer.spec.ts:834:3 › MIDI Controls › clicking MIDI button opens midi browser (274ms)
  ✓  53 [chromium] › e2e/sequencer.spec.ts:841:3 › MIDI Controls › Escape closes midi browser (222ms)
  ✓  54 [chromium] › e2e/sequencer.spec.ts:850:3 › MIDI Controls › close button closes midi browser (239ms)
  ✓  55 [chromium] › e2e/sequencer.spec.ts:859:3 › MIDI Controls › midi browser shows status element (180ms)
  ✓  56 [chromium] › e2e/sequencer.spec.ts:872:3 › ADSR Controls › ADSR button visible on all 9 tracks (154ms)
  ✓  57 [chromium] › e2e/sequencer.spec.ts:878:3 › ADSR Controls › clicking ADSR button opens popup (214ms)
  ✓  58 [chromium] › e2e/sequencer.spec.ts:885:3 › ADSR Controls › ADSR popup has canvas visualization (221ms)
  ✓  59 [chromium] › e2e/sequencer.spec.ts:892:3 › ADSR Controls › ADSR popup has 4 sliders (211ms)
  ✓  60 [chromium] › e2e/sequencer.spec.ts:900:3 › ADSR Controls › Escape closes ADSR popup (216ms)
  ✓  61 [chromium] › e2e/sequencer.spec.ts:909:3 › ADSR Controls › close button closes ADSR popup (235ms)
  ✓  62 [chromium] › e2e/sequencer.spec.ts:918:3 › ADSR Controls › ADSR envelope actually modulates audio when enabled (161ms)

  62 passed (31.5s)


--- stderr ---
