command: npm run e2e
status: 0
elapsed_ms: 33110

--- stdout ---

> sequencer@1.0.0 e2e
> npx playwright test


Running 63 tests using 1 worker

  ✓   1 [chromium] › e2e/sequencer.spec.ts:91:3 › App Initialization › renders all track sections (412ms)
  ✓   2 [chromium] › e2e/sequencer.spec.ts:98:3 › App Initialization › renders song pane with 12 phrase slots (170ms)
  ✓   3 [chromium] › e2e/sequencer.spec.ts:104:3 › App Initialization › renders transport bar with all controls (184ms)
  ✓   4 [chromium] › e2e/sequencer.spec.ts:117:3 › App Initialization › renders extension icons (161ms)
  ✓   5 [chromium] › e2e/sequencer.spec.ts:123:3 › App Initialization › renders engine icon with divider (172ms)
  ✓   6 [chromium] › e2e/sequencer.spec.ts:129:3 › App Initialization › song name shows Untitled by default (166ms)
  ✓   7 [chromium] › e2e/sequencer.spec.ts:135:3 › App Initialization › BPM defaults to 120 (163ms)
  ✓   8 [chromium] › e2e/sequencer.spec.ts:147:3 › Drum Grid › clicking a drum cell toggles it on (197ms)
  ✓   9 [chromium] › e2e/sequencer.spec.ts:155:3 › Drum Grid › clicking an active drum cell toggles it off (219ms)
  ✓  10 [chromium] › e2e/sequencer.spec.ts:164:3 › Drum Grid › default kick pattern has four-on-the-floor (172ms)
  ✓  11 [chromium] › e2e/sequencer.spec.ts:179:3 › Melody Grid › clicking a melody cell toggles it on (197ms)
  ✓  12 [chromium] › e2e/sequencer.spec.ts:188:3 › Melody Grid › clicking an active melody cell toggles it off (227ms)
  ✓  13 [chromium] › e2e/sequencer.spec.ts:205:3 › Vocal Grid › clicking a vocal cell toggles it on (189ms)
  ✓  14 [chromium] › e2e/sequencer.spec.ts:218:3 › Track Controls › mute button toggles muted state (229ms)
  ✓  15 [chromium] › e2e/sequencer.spec.ts:228:3 › Track Controls › CLR button clears all cells in track (187ms)
  ✓  16 [chromium] › e2e/sequencer.spec.ts:240:3 › Track Controls › FILL replicates pattern across all bars (272ms)
  ✓  17 [chromium] › e2e/sequencer.spec.ts:259:3 › Track Controls › LOAD button opens sample browser (248ms)
  ✓  18 [chromium] › e2e/sequencer.spec.ts:272:3 › Melody Track Controls › octave buttons change octave value (280ms)
  ✓  19 [chromium] › e2e/sequencer.spec.ts:288:3 › Melody Track Controls › harmony toggle cycles through modes (253ms)
  ✓  20 [chromium] › e2e/sequencer.spec.ts:315:3 › BPM Control › BPM number input updates value (177ms)
  ✓  21 [chromium] › e2e/sequencer.spec.ts:323:3 › BPM Control › BPM clamps to range 40-220 (177ms)
  ✓  22 [chromium] › e2e/sequencer.spec.ts:337:3 › Song Management › song name is visible (288ms)
  ✓  23 [chromium] › e2e/sequencer.spec.ts:342:3 › Song Management › double-click song name enables editing (285ms)
  ✓  24 [chromium] › e2e/sequencer.spec.ts:348:3 › Song Management › new song resets patterns and extensions deterministically (3.0s)
  ✓  25 [chromium] › e2e/sequencer.spec.ts:390:3 › Sample Browser › opens and closes (272ms)
  ✓  26 [chromium] › e2e/sequencer.spec.ts:401:3 › Sample Browser › search filters items (460ms)
  ✓  27 [chromium] › e2e/sequencer.spec.ts:422:3 › Phrase Pane › clicking phrase slot switches active phrase (223ms)
  ✓  28 [chromium] › e2e/sequencer.spec.ts:432:3 › Phrase Pane › phrase 1 has content indicator if default pattern exists (167ms)
  ✓  29 [chromium] › e2e/sequencer.spec.ts:439:3 › Phrase Pane › fill-with-prev button copies previous phrase (227ms)
  ✓  30 [chromium] › e2e/sequencer.spec.ts:458:3 › Extension Panels › clicking extension icon opens side panel (230ms)
  ✓  31 [chromium] › e2e/sequencer.spec.ts:466:3 › Extension Panels › clicking same icon closes panel (1.1s)
  ✓  32 [chromium] › e2e/sequencer.spec.ts:475:3 › Extension Panels › extension panel has on/off toggle (226ms)
  ✓  33 [chromium] › e2e/sequencer.spec.ts:481:3 › Extension Panels › toggling extension on/off changes state (1.1s)
  ✓  34 [chromium] › e2e/sequencer.spec.ts:492:3 › Extension Panels › compressor model selector switches between FET/OPTO/VCA (1.2s)
  ✓  35 [chromium] › e2e/sequencer.spec.ts:527:3 › Extension Panels › transformer extension opens and has controls (1.1s)
  ✓  36 [chromium] › e2e/sequencer.spec.ts:536:3 › Extension Panels › close button closes panel (1.1s)
  ✓  37 [chromium] › e2e/sequencer.spec.ts:544:3 › Extension Panels › app shifts when panel opens (220ms)
  ✓  38 [chromium] › e2e/sequencer.spec.ts:556:3 › Engine Control Panel › clicking engine icon opens full-screen panel (584ms)
  ✓  39 [chromium] › e2e/sequencer.spec.ts:562:3 › Engine Control Panel › closing engine panel restores app view (1.2s)
  ✓  40 [chromium] › e2e/sequencer.spec.ts:575:3 › Engine Control Panel › Escape closes engine panel (620ms)
  ✓  41 [chromium] › e2e/sequencer.spec.ts:583:3 › Engine Control Panel › engine panel has all control sections (238ms)
  ✓  42 [chromium] › e2e/sequencer.spec.ts:597:3 › Keyboard Shortcuts › Space toggles play/stop (184ms)
  ✓  43 [chromium] › e2e/sequencer.spec.ts:608:3 › Keyboard Shortcuts › Escape closes browser modal (263ms)
  ✓  44 [chromium] › e2e/sequencer.spec.ts:622:3 › Transport Sync › remains in sync after repeated edit + stop/start cycles (5.6s)
  ✓  45 [chromium] › e2e/sequencer.spec.ts:676:3 › Persistence › pattern survives page reload (1.1s)
  ✓  46 [chromium] › e2e/sequencer.spec.ts:704:3 › Grid Alignment › bar dividers are visible (157ms)
  ✓  47 [chromium] › e2e/sequencer.spec.ts:710:3 › Grid Alignment › drum and melody grids are vertically aligned (166ms)
  ✓  48 [chromium] › e2e/sequencer.spec.ts:725:3 › MIDI Controls › MIDI button visible on all 3 melody tracks (157ms)
  ✓  49 [chromium] › e2e/sequencer.spec.ts:731:3 › MIDI Controls › MIDI button not on drum tracks (167ms)
  ✓  50 [chromium] › e2e/sequencer.spec.ts:737:3 › MIDI Controls › clicking MIDI button opens midi browser (230ms)
  ✓  51 [chromium] › e2e/sequencer.spec.ts:744:3 › MIDI Controls › Escape closes midi browser (228ms)
  ✓  52 [chromium] › e2e/sequencer.spec.ts:753:3 › MIDI Controls › close button closes midi browser (252ms)
  ✓  53 [chromium] › e2e/sequencer.spec.ts:762:3 › MIDI Controls › midi browser shows status element (197ms)
  ✓  54 [chromium] › e2e/sequencer.spec.ts:775:3 › ADSR Controls › ADSR button visible on all 9 tracks (168ms)
  ✓  55 [chromium] › e2e/sequencer.spec.ts:781:3 › ADSR Controls › clicking ADSR button opens popup (230ms)
  ✓  56 [chromium] › e2e/sequencer.spec.ts:788:3 › ADSR Controls › ADSR popup has canvas visualization (232ms)
  ✓  57 [chromium] › e2e/sequencer.spec.ts:795:3 › ADSR Controls › ADSR popup has 4 sliders (238ms)
  ✓  58 [chromium] › e2e/sequencer.spec.ts:803:3 › ADSR Controls › Escape closes ADSR popup (332ms)
  ✓  59 [chromium] › e2e/sequencer.spec.ts:812:3 › ADSR Controls › close button closes ADSR popup (266ms)
  ✓  60 [chromium] › e2e/sequencer.spec.ts:821:3 › ADSR Controls › ADSR envelope actually modulates audio when enabled (169ms)
  ✓  61 [chromium] › e2e/sequencer.spec.ts:878:3 › Kit Export › kit export button is visible in transport (171ms)
  ✓  62 [chromium] › e2e/sequencer.spec.ts:883:3 › Kit Export › kit export button has correct title (161ms)
  ✓  63 [chromium] › e2e/sequencer.spec.ts:888:3 › Kit Export › clicking export triggers download with bundle filename (459ms)

  63 passed (32.0s)


--- stderr ---
