command: npm run e2e
status: 0
elapsed_ms: 165080

--- stdout ---

> sequencer@1.0.0 e2e
> npx playwright test


Running 110 tests using 1 worker

  ✓    1 [chromium] › e2e/output-clock.spec.ts:3:1 › device clock uses latency fallback for missing, stale, or invalid timestamps (392ms)
  ✓    2 [chromium] › e2e/package-integrity.spec.ts:32:1 › portable JSON retains sample bytes and decoded audio after file import and reload (1.3s)
  ✓    3 [chromium] › e2e/package-integrity.spec.ts:79:3 › failed import preserves live and saved song: negative BPM (304ms)
  ✓    4 [chromium] › e2e/package-integrity.spec.ts:79:3 › failed import preserves live and saved song: phrase index (322ms)
  ✓    5 [chromium] › e2e/package-integrity.spec.ts:79:3 › failed import preserves live and saved song: object name (310ms)
  ✓    6 [chromium] › e2e/package-integrity.spec.ts:79:3 › failed import preserves live and saved song: wrong pattern type (305ms)
  ✓    7 [chromium] › e2e/package-integrity.spec.ts:79:3 › failed import preserves live and saved song: unsafe effect (318ms)
  ✓    8 [chromium] › e2e/package-integrity.spec.ts:79:3 › failed import preserves live and saved song: invalid sample (306ms)
  ✓    9 [chromium] › e2e/package-integrity.spec.ts:79:3 › failed import preserves live and saved song: corrupt encoded audio (303ms)
  ✓   10 [chromium] › e2e/package-integrity.spec.ts:79:3 › failed import preserves live and saved song: unknown version (334ms)
  ✓   11 [chromium] › e2e/package-integrity.spec.ts:79:3 › failed import preserves live and saved song: not a song (326ms)
  ✓   12 [chromium] › e2e/package-integrity.spec.ts:79:3 › failed import preserves live and saved song: malformed JSON (300ms)
  ✓   13 [chromium] › e2e/package-integrity.spec.ts:93:1 › transaction abort after request success rejects and autosave visibly reports failure (1.1s)
  ✓   14 [chromium] › e2e/package-integrity.spec.ts:115:1 › overlapping sample decodes commit only the latest complete song (203ms)
  ✓   15 [chromium] › e2e/package-integrity.spec.ts:138:1 › two tabs reject stale edits and preserve both versions through Save as new song (1.7s)
  ✓   16 [chromium] › e2e/package-integrity.spec.ts:160:1 › pending same-tab saves and new-song action preserve the last edit without a false conflict (213ms)
  ✓   17 [chromium] › e2e/package-integrity.spec.ts:173:1 › deleting the only song cannot resurrect it locally or from a stale tab (1.4s)
  ✓   18 [chromium] › e2e/package-integrity.spec.ts:187:1 › ADSR, master gain and permanent engine sound survive reload and reset on New Song (294ms)
  ✓   19 [chromium] › e2e/package-integrity.spec.ts:206:1 › Space respects modal buttons and contenteditable without starting transport (302ms)
  ✓   20 [chromium] › e2e/package-integrity.spec.ts:218:3 › startup storage failure has a successful fresh-document retry (330ms)
  ✓   21 [chromium] › e2e/package-integrity.spec.ts:218:3 › startup worklet failure has a successful fresh-document retry (587ms)
  ✓   22 [chromium] › e2e/package-integrity.spec.ts:241:1 › mobile melody toolbar keeps every control reachable without clipping (472ms)
  ✓   23 [chromium] › e2e/package-integrity.spec.ts:251:3 › MIDI same-pitch retriggers retain ownership on track 0, release false (1.3s)
  ✓   24 [chromium] › e2e/package-integrity.spec.ts:251:3 › MIDI same-pitch retriggers retain ownership on track 1, release false (1.4s)
  ✓   25 [chromium] › e2e/package-integrity.spec.ts:251:3 › MIDI same-pitch retriggers retain ownership on track 1, release true (1.4s)
  ✓   26 [chromium] › e2e/package-integrity.spec.ts:305:1 › an older file read cannot overwrite a newer UI import (314ms)
  ✓   27 [chromium] › e2e/package-integrity.spec.ts:327:1 › restored ADSR and master controls produce the same audible envelope (324ms)
  ✓   28 [chromium] › e2e/production.spec.ts:21:1 › production build initializes every worklet and plays a decoded sample (932ms)
  ✓   29 [chromium] › e2e/sample-library.spec.ts:9:1 › sample read failures, permission errors, and disconnects never terminate the server (40ms)
  ✓   30 [chromium] › e2e/sample-library.spec.ts:68:1 › sample access denial gives actionable feedback and permits retry (1.0s)
  ✓   31 [chromium] › e2e/sequencer.spec.ts:92:3 › App Initialization › renders all track sections (185ms)
  ✓   32 [chromium] › e2e/sequencer.spec.ts:99:3 › App Initialization › renders song pane with 12 phrase slots (188ms)
  ✓   33 [chromium] › e2e/sequencer.spec.ts:105:3 › App Initialization › renders transport bar with all controls (210ms)
  ✓   34 [chromium] › e2e/sequencer.spec.ts:118:3 › App Initialization › renders extension icons (211ms)
  ✓   35 [chromium] › e2e/sequencer.spec.ts:124:3 › App Initialization › renders engine icon with divider (219ms)
  ✓   36 [chromium] › e2e/sequencer.spec.ts:130:3 › App Initialization › song name shows Untitled by default (199ms)
  ✓   37 [chromium] › e2e/sequencer.spec.ts:136:3 › App Initialization › BPM defaults to 120 (234ms)
  ✓   38 [chromium] › e2e/sequencer.spec.ts:148:3 › Drum Grid › clicking a drum cell toggles it on (213ms)
  ✓   39 [chromium] › e2e/sequencer.spec.ts:156:3 › Drum Grid › clicking an active drum cell toggles it off (237ms)
  ✓   40 [chromium] › e2e/sequencer.spec.ts:165:3 › Drum Grid › default kick pattern has four-on-the-floor (188ms)
  ✓   41 [chromium] › e2e/sequencer.spec.ts:180:3 › Melody Grid › clicking a melody cell toggles it on (214ms)
  ✓   42 [chromium] › e2e/sequencer.spec.ts:189:3 › Melody Grid › clicking an active melody cell toggles it off (305ms)
  ✓   43 [chromium] › e2e/sequencer.spec.ts:206:3 › Vocal Grid › clicking a vocal cell toggles it on (322ms)
  ✓   44 [chromium] › e2e/sequencer.spec.ts:219:3 › Track Controls › mute button toggles muted state (342ms)
  ✓   45 [chromium] › e2e/sequencer.spec.ts:229:3 › Track Controls › CLR button clears all cells in track (227ms)
  ✓   46 [chromium] › e2e/sequencer.spec.ts:241:3 › Track Controls › FILL replicates pattern across all bars (289ms)
  ✓   47 [chromium] › e2e/sequencer.spec.ts:260:3 › Track Controls › LOAD button opens sample browser (282ms)
  ✓   48 [chromium] › e2e/sequencer.spec.ts:267:3 › Track Controls › Export Loops produces a ZIP of 24-bit WAVs, one per non-empty phrase (391ms)
  ✓   49 [chromium] › e2e/sequencer.spec.ts:345:3 › Track Controls › Export Loops surfaces an error state when render throws (371ms)
  ✓   50 [chromium] › e2e/sequencer.spec.ts:361:3 › Track Controls › preview failure surfaces error state on the preview button (477ms)
  ✓   51 [chromium] › e2e/sequencer.spec.ts:381:3 › Track Controls › Load failure surfaces error state on the LOAD button, browser stays open (722ms)
  ✓   52 [chromium] › e2e/sequencer.spec.ts:403:3 › Track Controls › selecting a different row clears the LOAD-failure state (775ms)
  ✓   53 [chromium] › e2e/sequencer.spec.ts:420:3 › Track Controls › a slow LOAD failure does not clobber the LOAD button after the user moves on (1.3s)
  ✓   54 [chromium] › e2e/sequencer.spec.ts:445:3 › Track Controls › a slow failing preview does not clobber a newer in-flight preview (1.0s)
  ✓   55 [chromium] › e2e/sequencer.spec.ts:470:3 › Track Controls › a stale preview-failure for index i does not clobber a newer success for the same i (907ms)
  ✓   56 [chromium] › e2e/sequencer.spec.ts:530:3 › Melody Track Controls › octave buttons change octave value (279ms)
  ✓   57 [chromium] › e2e/sequencer.spec.ts:546:3 › Melody Track Controls › harmony toggle cycles through modes (273ms)
  ✓   58 [chromium] › e2e/sequencer.spec.ts:573:3 › BPM Control › BPM number input updates value (201ms)
  ✓   59 [chromium] › e2e/sequencer.spec.ts:581:3 › BPM Control › BPM clamps to range 40-220 (209ms)
  ✓   60 [chromium] › e2e/sequencer.spec.ts:595:3 › Song Management › song name is visible (198ms)
  ✓   61 [chromium] › e2e/sequencer.spec.ts:600:3 › Song Management › double-click song name enables editing (246ms)
  ✓   62 [chromium] › e2e/sequencer.spec.ts:606:3 › Song Management › new song resets patterns and extensions deterministically (3.6s)
  ✓   63 [chromium] › e2e/sequencer.spec.ts:648:3 › Sample Browser › opens and closes (297ms)
  ✓   64 [chromium] › e2e/sequencer.spec.ts:659:3 › Sample Browser › search filters items (511ms)
  ✓   65 [chromium] › e2e/sequencer.spec.ts:680:3 › Phrase Pane › clicking phrase slot switches active phrase (258ms)
  ✓   66 [chromium] › e2e/sequencer.spec.ts:690:3 › Phrase Pane › phrase 1 has content indicator if default pattern exists (189ms)
  ✓   67 [chromium] › e2e/sequencer.spec.ts:697:3 › Phrase Pane › fill-with-prev button copies previous phrase (271ms)
  ✓   68 [chromium] › e2e/sequencer.spec.ts:716:3 › Extension Panels › clicking extension icon opens side panel (251ms)
  ✓   69 [chromium] › e2e/sequencer.spec.ts:724:3 › Extension Panels › clicking same icon closes panel (1.1s)
  ✓   70 [chromium] › e2e/sequencer.spec.ts:733:3 › Extension Panels › extension panel has on/off toggle (257ms)
  ✓   71 [chromium] › e2e/sequencer.spec.ts:739:3 › Extension Panels › toggling extension on/off changes state (668ms)
  ✓   72 [chromium] › e2e/sequencer.spec.ts:750:3 › Extension Panels › compressor model selector switches between FET/OPTO/VCA (754ms)
  ✓   73 [chromium] › e2e/sequencer.spec.ts:785:3 › Extension Panels › transformer extension opens and has controls (1.1s)
  ✓   74 [chromium] › e2e/sequencer.spec.ts:794:3 › Extension Panels › close button closes panel (1.1s)
  ✓   75 [chromium] › e2e/sequencer.spec.ts:802:3 › Extension Panels › app shifts when panel opens (254ms)
  ✓   76 [chromium] › e2e/sequencer.spec.ts:814:3 › Engine Control Panel › clicking engine icon opens full-screen panel (608ms)
  ✓   77 [chromium] › e2e/sequencer.spec.ts:820:3 › Engine Control Panel › closing engine panel restores app view (1.3s)
  ✓   78 [chromium] › e2e/sequencer.spec.ts:833:3 › Engine Control Panel › Escape closes engine panel (615ms)
  ✓   79 [chromium] › e2e/sequencer.spec.ts:841:3 › Engine Control Panel › engine panel has all control sections (260ms)
  ✓   80 [chromium] › e2e/sequencer.spec.ts:855:3 › Keyboard Shortcuts › Space toggles play/stop (211ms)
  ✓   81 [chromium] › e2e/sequencer.spec.ts:866:3 › Keyboard Shortcuts › Escape closes browser modal (316ms)
  ✓   82 [chromium] › e2e/sequencer.spec.ts:880:3 › Transport Sync › remains in sync after repeated edit + stop/start cycles (5.7s)
  ✓   83 [chromium] › e2e/sequencer.spec.ts:950:3 › Persistence › pattern survives page reload (1.2s)
  ✓   84 [chromium] › e2e/sequencer.spec.ts:978:3 › Grid Alignment › bar dividers are visible (188ms)
  ✓   85 [chromium] › e2e/sequencer.spec.ts:984:3 › Grid Alignment › drum and melody grids are vertically aligned (178ms)
  ✓   86 [chromium] › e2e/sequencer.spec.ts:999:3 › MIDI Controls › MIDI button visible on all 3 melody tracks (176ms)
  ✓   87 [chromium] › e2e/sequencer.spec.ts:1005:3 › MIDI Controls › MIDI button not on drum tracks (181ms)
  ✓   88 [chromium] › e2e/sequencer.spec.ts:1011:3 › MIDI Controls › clicking MIDI button opens midi browser (299ms)
  ✓   89 [chromium] › e2e/sequencer.spec.ts:1018:3 › MIDI Controls › Escape closes midi browser (257ms)
  ✓   90 [chromium] › e2e/sequencer.spec.ts:1027:3 › MIDI Controls › close button closes midi browser (272ms)
  ✓   91 [chromium] › e2e/sequencer.spec.ts:1036:3 › MIDI Controls › midi browser shows status element (211ms)
  ✓   92 [chromium] › e2e/sequencer.spec.ts:1049:3 › ADSR Controls › ADSR button visible on all 9 tracks (184ms)
  ✓   93 [chromium] › e2e/sequencer.spec.ts:1055:3 › ADSR Controls › clicking ADSR button opens popup (243ms)
  ✓   94 [chromium] › e2e/sequencer.spec.ts:1062:3 › ADSR Controls › ADSR popup has canvas visualization (297ms)
  ✓   95 [chromium] › e2e/sequencer.spec.ts:1069:3 › ADSR Controls › ADSR popup has 4 sliders (249ms)
  ✓   96 [chromium] › e2e/sequencer.spec.ts:1077:3 › ADSR Controls › Escape closes ADSR popup (243ms)
  ✓   97 [chromium] › e2e/sequencer.spec.ts:1086:3 › ADSR Controls › close button closes ADSR popup (231ms)
  ✓   98 [chromium] › e2e/sequencer.spec.ts:1095:3 › ADSR Controls › ADSR envelope actually modulates audio when enabled (152ms)
  ✓   99 [chromium] › e2e/sequencer.spec.ts:1188:3 › Audio Engine Timing › exactly one AudioContext is constructed, including during initialization (497ms)
  ✓  100 [chromium] › e2e/sequencer.spec.ts:1203:3 › Audio Engine Timing › src.start times are scheduled in the future (single AudioContext) (3.3s)
  ✓  101 [chromium] › e2e/sequencer.spec.ts:1257:3 › Audio Engine Timing › ADSR-enabled triggers do not leak GainNodes across play/stop cycles (10.8s)
  ✓  102 [chromium] › e2e/sequencer.spec.ts:1348:3 › Transport/UI Synchronisation › playhead paints at device output time, including output latency (2.8s)
  ✓  103 [chromium] › e2e/sequencer.spec.ts:1414:3 › Transport/UI Synchronisation › switching the viewed phrase mid-playback does not freeze a lit column (2.7s)
  ✓  104 [chromium] › e2e/sequencer.spec.ts:1438:3 › Transport/UI Synchronisation › song pane marks the playing phrase while the transport runs (1.5s)
  ✓  105 [chromium] › e2e/sync-pressure.spec.ts:219:3 › phrase markers follow device playback through boundaries at 40 BPM (26.1s)
  ✓  106 [chromium] › e2e/sync-pressure.spec.ts:219:3 › phrase markers follow device playback through boundaries at 120 BPM (17.7s)
  ✓  107 [chromium] › e2e/sync-pressure.spec.ts:219:3 › phrase markers follow device playback through boundaries at 220 BPM (14.8s)
  ✓  108 [chromium] › e2e/sync-pressure.spec.ts:249:1 › dense polyphony and 180ms main-thread stalls preserve real sample alignment and recover to the current audible step (14.5s)
  ✓  109 [chromium] › e2e/sync-pressure.spec.ts:293:1 › rapid restarts and tempo edits retain one transport and clear all pending visuals (5.1s)
  ✓  110 [chromium] › e2e/sync-pressure.spec.ts:322:1 › stop cancels all tracks together when its loop crosses an audio block (5.5s)

  110 passed (2.7m)


--- stderr ---
[2m[WebServer] [22m(node:87221) Warning: The 'NO_COLOR' env is ignored due to the 'FORCE_COLOR' env being set.
[2m[WebServer] [22m(Use `node --trace-warnings ...` to show where the warning was created)
[2m[WebServer] [22m(node:87261) Warning: The 'NO_COLOR' env is ignored due to the 'FORCE_COLOR' env being set.
[2m[WebServer] [22m(Use `node --trace-warnings ...` to show where the warning was created)
(node:87270) Warning: The 'NO_COLOR' env is ignored due to the 'FORCE_COLOR' env being set.
(Use `node --trace-warnings ...` to show where the warning was created)
(node:87270) Warning: The 'NO_COLOR' env is ignored due to the 'FORCE_COLOR' env being set.
(Use `node --trace-warnings ...` to show where the warning was created)
